<?xml version="1.0" encoding="UTF-8"?>
<!DOCTYPE analysisresult SYSTEM "analysisresult_v0_1.dtd">
<analysisresult>
<skip_frames>0</skip_frames>


<event type="face" id="0">
<timestamp>0</timestamp>
<value>
<tl><x>147</x><y>108</y></tl>
<tr><x>212</x><y>108</y></tr>
<bl><x>147</x><y>145</y></bl>
<br><x>212</x><y>145</y></br>
<pan>0.000000</pan>
<confidence>1.000000</confidence>
</value>
</event>


<event type="face" id="0">
<timestamp>40</timestamp>
<value>
<tl><x>147</x><y>107</y></tl>
<tr><x>212</x><y>107</y></tr>
<bl><x>147</x><y>144</y></bl>
<br><x>212</x><y>144</y></br>
<pan>0.000000</pan>
<confidence>1.000000</confidence>
</value>
</event>


<event type="face" id="0">
<timestamp>80</timestamp>
<value>
<tl><x>147</x><y>109</y></tl>
<tr><x>212</x><y>109</y></tr>
<bl><x>147</x><y>146</y></bl>
<br><x>212</x><y>146</y></br>
<pan>0.000000</pan>
<confidence>1.000000</confidence>
</value>
</event>


<event type="face" id="0">
<timestamp>120</timestamp>
<value>
<tl><x>148</x><y>107</y></tl>
<tr><x>213</x><y>107</y></tr>
<bl><x>148</x><y>144</y></bl>
<br><x>213</x><y>144</y></br>
<pan>0.000000</pan>
<confidence>1.000000</confidence>
</value>
</event>


<event type="face" id="0">
<timestamp>160</timestamp>
<value>
<tl><x>148</x><y>106</y></tl>
<tr><x>213</x><y>106</y></tr>
<bl><x>148</x><y>143</y></bl>
<br><x>213</x><y>143</y></br>
<pan>0.000000</pan>
<confidence>1.000000</confidence>
</value>
</event>


<event type="face" id="0">
<timestamp>200</timestamp>
<value>
<tl><x>148</x><y>105</y></tl>
<tr><x>213</x><y>105</y></tr>
<bl><x>148</x><y>142</y></bl>
<br><x>213</x><y>142</y></br>
<pan>0.000000</pan>
<confidence>1.000000</confidence>
</value>
</event>


<event type="face" id="0">
<timestamp>240</timestamp>
<value>
<tl><x>148</x><y>105</y></tl>
<tr><x>213</x><y>105</y></tr>
<bl><x>148</x><y>142</y></bl>
<br><x>213</x><y>142</y></br>
<pan>0.000000</pan>
<confidence>1.000000</confidence>
</value>
</event>


<event type="face" id="0">
<timestamp>280</timestamp>
<value>
<tl><x>148</x><y>105</y></tl>
<tr><x>213</x><y>105</y></tr>
<bl><x>148</x><y>142</y></bl>
<br><x>213</x><y>142</y></br>
<pan>0.000000</pan>
<confidence>1.000000</confidence>
</value>
</event>


<event type="face" id="0">
<timestamp>320</timestamp>
<value>
<tl><x>148</x><y>105</y></tl>
<tr><x>213</x><y>105</y></tr>
<bl><x>148</x><y>142</y></bl>
<br><x>213</x><y>142</y></br>
<pan>0.000000</pan>
<confidence>1.000000</confidence>
</value>
</event>


<event type="face" id="0">
<timestamp>360</timestamp>
<value>
<tl><x>148</x><y>105</y></tl>
<tr><x>213</x><y>105</y></tr>
<bl><x>148</x><y>142</y></bl>
<br><x>213</x><y>142</y></br>
<pan>0.000000</pan>
<confidence>1.000000</confidence>
</value>
</event>


<event type="face" id="0">
<timestamp>400</timestamp>
<value>
<tl><x>148</x><y>105</y></tl>
<tr><x>213</x><y>105</y></tr>
<bl><x>148</x><y>142</y></bl>
<br><x>213</x><y>142</y></br>
<pan>0.000000</pan>
<confidence>1.000000</confidence>
</value>
</event>


<event type="face" id="0">
<timestamp>440</timestamp>
<value>
<tl><x>148</x><y>105</y></tl>
<tr><x>213</x><y>105</y></tr>
<bl><x>148</x><y>142</y></bl>
<br><x>213</x><y>142</y></br>
<pan>0.000000</pan>
<confidence>1.000000</confidence>
</value>
</event>


<event type="face" id="0">
<timestamp>480</timestamp>
<value>
<tl><x>149</x><y>105</y></tl>
<tr><x>214</x><y>105</y></tr>
<bl><x>149</x><y>142</y></bl>
<br><x>214</x><y>142</y></br>
<pan>0.000000</pan>
<confidence>1.000000</confidence>
</value>
</event>


<event type="face" id="0">
<timestamp>520</timestamp>
<value>
<tl><x>149</x><y>105</y></tl>
<tr><x>214</x><y>105</y></tr>
<bl><x>149</x><y>142</y></bl>
<br><x>214</x><y>142</y></br>
<pan>0.000000</pan>
<confidence>1.000000</confidence>
</value>
</event>


<event type="face" id="0">
<timestamp>560</timestamp>
<value>
<tl><x>149</x><y>104</y></tl>
<tr><x>214</x><y>104</y></tr>
<bl><x>149</x><y>141</y></bl>
<br><x>214</x><y>141</y></br>
<pan>0.000000</pan>
<confidence>1.000000</confidence>
</value>
</event>


<event type="face" id="0">
<timestamp>600</timestamp>
<value>
<tl><x>149</x><y>104</y></tl>
<tr><x>214</x><y>104</y></tr>
<bl><x>149</x><y>141</y></bl>
<br><x>214</x><y>141</y></br>
<pan>0.000000</pan>
<confidence>1.000000</confidence>
</value>
</event>


<event type="face" id="0">
<timestamp>640</timestamp>
<value>
<tl><x>150</x><y>104</y></tl>
<tr><x>215</x><y>104</y></tr>
<bl><x>150</x><y>141</y></bl>
<br><x>215</x><y>141</y></br>
<pan>0.000000</pan>
<confidence>1.000000</confidence>
</value>
</event>


<event type="face" id="0">
<timestamp>680</timestamp>
<value>
<tl><x>150</x><y>104</y></tl>
<tr><x>215</x><y>104</y></tr>
<bl><x>150</x><y>141</y></bl>
<br><x>215</x><y>141</y></br>
<pan>0.000000</pan>
<confidence>1.000000</confidence>
</value>
</event>


<event type="face" id="0">
<timestamp>720</timestamp>
<value>
<tl><x>150</x><y>105</y></tl>
<tr><x>215</x><y>105</y></tr>
<bl><x>150</x><y>142</y></bl>
<br><x>215</x><y>142</y></br>
<pan>0.000000</pan>
<confidence>1.000000</confidence>
</value>
</event>


<event type="face" id="0">
<timestamp>760</timestamp>
<value>
<tl><x>150</x><y>105</y></tl>
<tr><x>215</x><y>105</y></tr>
<bl><x>150</x><y>142</y></bl>
<br><x>215</x><y>142</y></br>
<pan>0.000000</pan>
<confidence>1.000000</confidence>
</value>
</event>


<event type="face" id="0">
<timestamp>800</timestamp>
<value>
<tl><x>150</x><y>105</y></tl>
<tr><x>215</x><y>105</y></tr>
<bl><x>150</x><y>142</y></bl>
<br><x>215</x><y>142</y></br>
<pan>0.000000</pan>
<confidence>1.000000</confidence>
</value>
</event>


<event type="face" id="0">
<timestamp>840</timestamp>
<value>
<tl><x>150</x><y>105</y></tl>
<tr><x>215</x><y>105</y></tr>
<bl><x>150</x><y>142</y></bl>
<br><x>215</x><y>142</y></br>
<pan>0.000000</pan>
<confidence>1.000000</confidence>
</value>
</event>


<event type="face" id="0">
<timestamp>880</timestamp>
<value>
<tl><x>151</x><y>104</y></tl>
<tr><x>216</x><y>104</y></tr>
<bl><x>151</x><y>141</y></bl>
<br><x>216</x><y>141</y></br>
<pan>0.000000</pan>
<confidence>1.000000</confidence>
</value>
</event>


<event type="face" id="0">
<timestamp>920</timestamp>
<value>
<tl><x>150</x><y>104</y></tl>
<tr><x>215</x><y>104</y></tr>
<bl><x>150</x><y>141</y></bl>
<br><x>215</x><y>141</y></br>
<pan>0.000000</pan>
<confidence>1.000000</confidence>
</value>
</event>


<event type="face" id="0">
<timestamp>960</timestamp>
<value>
<tl><x>150</x><y>103</y></tl>
<tr><x>215</x><y>103</y></tr>
<bl><x>150</x><y>140</y></bl>
<br><x>215</x><y>140</y></br>
<pan>0.000000</pan>
<confidence>1.000000</confidence>
</value>
</event>


<event type="face" id="0">
<timestamp>1000</timestamp>
<value>
<tl><x>150</x><y>102</y></tl>
<tr><x>215</x><y>102</y></tr>
<bl><x>150</x><y>139</y></bl>
<br><x>215</x><y>139</y></br>
<pan>0.000000</pan>
<confidence>1.000000</confidence>
</value>
</event>


<event type="face" id="0">
<timestamp>1040</timestamp>
<value>
<tl><x>150</x><y>102</y></tl>
<tr><x>215</x><y>102</y></tr>
<bl><x>150</x><y>139</y></bl>
<br><x>215</x><y>139</y></br>
<pan>0.000000</pan>
<confidence>1.000000</confidence>
</value>
</event>


<event type="face" id="0">
<timestamp>1080</timestamp>
<value>
<tl><x>150</x><y>102</y></tl>
<tr><x>215</x><y>102</y></tr>
<bl><x>150</x><y>139</y></bl>
<br><x>215</x><y>139</y></br>
<pan>0.000000</pan>
<confidence>1.000000</confidence>
</value>
</event>


<event type="face" id="0">
<timestamp>1120</timestamp>
<value>
<tl><x>150</x><y>102</y></tl>
<tr><x>215</x><y>102</y></tr>
<bl><x>150</x><y>139</y></bl>
<br><x>215</x><y>139</y></br>
<pan>0.000000</pan>
<confidence>1.000000</confidence>
</value>
</event>


<event type="face" id="0">
<timestamp>1160</timestamp>
<value>
<tl><x>150</x><y>102</y></tl>
<tr><x>215</x><y>102</y></tr>
<bl><x>150</x><y>139</y></bl>
<br><x>215</x><y>139</y></br>
<pan>0.000000</pan>
<confidence>1.000000</confidence>
</value>
</event>


<event type="face" id="0">
<timestamp>1200</timestamp>
<value>
<tl><x>151</x><y>102</y></tl>
<tr><x>216</x><y>102</y></tr>
<bl><x>151</x><y>139</y></bl>
<br><x>216</x><y>139</y></br>
<pan>0.000000</pan>
<confidence>1.000000</confidence>
</value>
</event>


<event type="face" id="0">
<timestamp>1240</timestamp>
<value>
<tl><x>151</x><y>101</y></tl>
<tr><x>216</x><y>101</y></tr>
<bl><x>151</x><y>138</y></bl>
<br><x>216</x><y>138</y></br>
<pan>0.000000</pan>
<confidence>1.000000</confidence>
</value>
</event>


<event type="face" id="0">
<timestamp>1280</timestamp>
<value>
<tl><x>151</x><y>100</y></tl>
<tr><x>216</x><y>100</y></tr>
<bl><x>151</x><y>137</y></bl>
<br><x>216</x><y>137</y></br>
<pan>0.000000</pan>
<confidence>1.000000</confidence>
</value>
</event>


<event type="face" id="0">
<timestamp>1320</timestamp>
<value>
<tl><x>151</x><y>100</y></tl>
<tr><x>216</x><y>100</y></tr>
<bl><x>151</x><y>137</y></bl>
<br><x>216</x><y>137</y></br>
<pan>0.000000</pan>
<confidence>1.000000</confidence>
</value>
</event>


<event type="face" id="0">
<timestamp>1360</timestamp>
<value>
<tl><x>151</x><y>100</y></tl>
<tr><x>216</x><y>100</y></tr>
<bl><x>151</x><y>137</y></bl>
<br><x>216</x><y>137</y></br>
<pan>0.000000</pan>
<confidence>1.000000</confidence>
</value>
</event>


<event type="face" id="0">
<timestamp>1400</timestamp>
<value>
<tl><x>151</x><y>100</y></tl>
<tr><x>216</x><y>100</y></tr>
<bl><x>151</x><y>137</y></bl>
<br><x>216</x><y>137</y></br>
<pan>0.000000</pan>
<confidence>1.000000</confidence>
</value>
</event>


<event type="face" id="0">
<timestamp>1440</timestamp>
<value>
<tl><x>151</x><y>100</y></tl>
<tr><x>216</x><y>100</y></tr>
<bl><x>151</x><y>137</y></bl>
<br><x>216</x><y>137</y></br>
<pan>0.000000</pan>
<confidence>1.000000</confidence>
</value>
</event>


<event type="face" id="0">
<timestamp>1480</timestamp>
<value>
<tl><x>151</x><y>100</y></tl>
<tr><x>216</x><y>100</y></tr>
<bl><x>151</x><y>137</y></bl>
<br><x>216</x><y>137</y></br>
<pan>0.000000</pan>
<confidence>1.000000</confidence>
</value>
</event>


<event type="face" id="0">
<timestamp>1520</timestamp>
<value>
<tl><x>151</x><y>100</y></tl>
<tr><x>216</x><y>100</y></tr>
<bl><x>151</x><y>137</y></bl>
<br><x>216</x><y>137</y></br>
<pan>0.000000</pan>
<confidence>1.000000</confidence>
</value>
</event>


<event type="face" id="0">
<timestamp>1560</timestamp>
<value>
<tl><x>151</x><y>100</y></tl>
<tr><x>216</x><y>100</y></tr>
<bl><x>151</x><y>137</y></bl>
<br><x>216</x><y>137</y></br>
<pan>0.000000</pan>
<confidence>1.000000</confidence>
</value>
</event>


<event type="face" id="0">
<timestamp>1600</timestamp>
<value>
<tl><x>150</x><y>101</y></tl>
<tr><x>215</x><y>101</y></tr>
<bl><x>150</x><y>138</y></bl>
<br><x>215</x><y>138</y></br>
<pan>0.000000</pan>
<confidence>1.000000</confidence>
</value>
</event>


<event type="face" id="0">
<timestamp>1640</timestamp>
<value>
<tl><x>150</x><y>102</y></tl>
<tr><x>215</x><y>102</y></tr>
<bl><x>150</x><y>139</y></bl>
<br><x>215</x><y>139</y></br>
<pan>0.000000</pan>
<confidence>1.000000</confidence>
</value>
</event>


<event type="face" id="0">
<timestamp>1680</timestamp>
<value>
<tl><x>150</x><y>103</y></tl>
<tr><x>215</x><y>103</y></tr>
<bl><x>150</x><y>140</y></bl>
<br><x>215</x><y>140</y></br>
<pan>0.000000</pan>
<confidence>1.000000</confidence>
</value>
</event>


<event type="face" id="0">
<timestamp>1720</timestamp>
<value>
<tl><x>151</x><y>104</y></tl>
<tr><x>216</x><y>104</y></tr>
<bl><x>151</x><y>141</y></bl>
<br><x>216</x><y>141</y></br>
<pan>0.000000</pan>
<confidence>1.000000</confidence>
</value>
</event>


<event type="face" id="0">
<timestamp>1760</timestamp>
<value>
<tl><x>151</x><y>105</y></tl>
<tr><x>216</x><y>105</y></tr>
<bl><x>151</x><y>142</y></bl>
<br><x>216</x><y>142</y></br>
<pan>0.000000</pan>
<confidence>1.000000</confidence>
</value>
</event>


<event type="face" id="0">
<timestamp>1800</timestamp>
<value>
<tl><x>151</x><y>107</y></tl>
<tr><x>216</x><y>107</y></tr>
<bl><x>151</x><y>144</y></bl>
<br><x>216</x><y>144</y></br>
<pan>0.000000</pan>
<confidence>1.000000</confidence>
</value>
</event>


<event type="face" id="0">
<timestamp>1840</timestamp>
<value>
<tl><x>151</x><y>107</y></tl>
<tr><x>216</x><y>107</y></tr>
<bl><x>151</x><y>144</y></bl>
<br><x>216</x><y>144</y></br>
<pan>0.000000</pan>
<confidence>1.000000</confidence>
</value>
</event>


<event type="face" id="0">
<timestamp>1880</timestamp>
<value>
<tl><x>150</x><y>109</y></tl>
<tr><x>215</x><y>109</y></tr>
<bl><x>150</x><y>146</y></bl>
<br><x>215</x><y>146</y></br>
<pan>0.000000</pan>
<confidence>1.000000</confidence>
</value>
</event>


<event type="face" id="0">
<timestamp>1920</timestamp>
<value>
<tl><x>149</x><y>111</y></tl>
<tr><x>214</x><y>111</y></tr>
<bl><x>149</x><y>148</y></bl>
<br><x>214</x><y>148</y></br>
<pan>0.000000</pan>
<confidence>1.000000</confidence>
</value>
</event>


<event type="face" id="0">
<timestamp>1960</timestamp>
<value>
<tl><x>149</x><y>112</y></tl>
<tr><x>214</x><y>112</y></tr>
<bl><x>149</x><y>149</y></bl>
<br><x>214</x><y>149</y></br>
<pan>0.000000</pan>
<confidence>1.000000</confidence>
</value>
</event>


<event type="face" id="0">
<timestamp>2000</timestamp>
<value>
<tl><x>150</x><y>111</y></tl>
<tr><x>215</x><y>111</y></tr>
<bl><x>150</x><y>148</y></bl>
<br><x>215</x><y>148</y></br>
<pan>0.000000</pan>
<confidence>1.000000</confidence>
</value>
</event>


<event type="face" id="0">
<timestamp>2040</timestamp>
<value>
<tl><x>153</x><y>112</y></tl>
<tr><x>218</x><y>112</y></tr>
<bl><x>153</x><y>149</y></bl>
<br><x>218</x><y>149</y></br>
<pan>0.000000</pan>
<confidence>1.000000</confidence>
</value>
</event>


<event type="face" id="0">
<timestamp>2080</timestamp>
<value>
<tl><x>157</x><y>111</y></tl>
<tr><x>222</x><y>111</y></tr>
<bl><x>157</x><y>148</y></bl>
<br><x>222</x><y>148</y></br>
<pan>0.000000</pan>
<confidence>1.000000</confidence>
</value>
</event>


<event type="face" id="0">
<timestamp>2120</timestamp>
<value>
<tl><x>164</x><y>109</y></tl>
<tr><x>229</x><y>109</y></tr>
<bl><x>164</x><y>146</y></bl>
<br><x>229</x><y>146</y></br>
<pan>0.000000</pan>
<confidence>1.000000</confidence>
</value>
</event>


<event type="face" id="0">
<timestamp>2160</timestamp>
<value>
<tl><x>168</x><y>108</y></tl>
<tr><x>233</x><y>108</y></tr>
<bl><x>168</x><y>145</y></bl>
<br><x>233</x><y>145</y></br>
<pan>0.000000</pan>
<confidence>1.000000</confidence>
</value>
</event>


<event type="face" id="0">
<timestamp>2200</timestamp>
<value>
<tl><x>171</x><y>106</y></tl>
<tr><x>236</x><y>106</y></tr>
<bl><x>171</x><y>143</y></bl>
<br><x>236</x><y>143</y></br>
<pan>0.000000</pan>
<confidence>1.000000</confidence>
</value>
</event>


<event type="face" id="0">
<timestamp>2240</timestamp>
<value>
<tl><x>174</x><y>106</y></tl>
<tr><x>239</x><y>106</y></tr>
<bl><x>174</x><y>143</y></bl>
<br><x>239</x><y>143</y></br>
<pan>0.000000</pan>
<confidence>1.000000</confidence>
</value>
</event>


<event type="face" id="0">
<timestamp>2280</timestamp>
<value>
<tl><x>174</x><y>106</y></tl>
<tr><x>239</x><y>106</y></tr>
<bl><x>174</x><y>143</y></bl>
<br><x>239</x><y>143</y></br>
<pan>0.000000</pan>
<confidence>1.000000</confidence>
</value>
</event>


<event type="face" id="0">
<timestamp>2320</timestamp>
<value>
<tl><x>177</x><y>107</y></tl>
<tr><x>242</x><y>107</y></tr>
<bl><x>177</x><y>144</y></bl>
<br><x>242</x><y>144</y></br>
<pan>0.000000</pan>
<confidence>1.000000</confidence>
</value>
</event>


<event type="face" id="0">
<timestamp>2360</timestamp>
<value>
<tl><x>178</x><y>108</y></tl>
<tr><x>243</x><y>108</y></tr>
<bl><x>178</x><y>145</y></bl>
<br><x>243</x><y>145</y></br>
<pan>0.000000</pan>
<confidence>1.000000</confidence>
</value>
</event>


<event type="face" id="0">
<timestamp>2400</timestamp>
<value>
<tl><x>178</x><y>110</y></tl>
<tr><x>243</x><y>110</y></tr>
<bl><x>178</x><y>147</y></bl>
<br><x>243</x><y>147</y></br>
<pan>0.000000</pan>
<confidence>1.000000</confidence>
</value>
</event>


<event type="face" id="0">
<timestamp>2440</timestamp>
<value>
<tl><x>178</x><y>110</y></tl>
<tr><x>243</x><y>110</y></tr>
<bl><x>178</x><y>147</y></bl>
<br><x>243</x><y>147</y></br>
<pan>0.000000</pan>
<confidence>1.000000</confidence>
</value>
</event>


<event type="face" id="0">
<timestamp>2480</timestamp>
<value>
<tl><x>178</x><y>110</y></tl>
<tr><x>243</x><y>110</y></tr>
<bl><x>178</x><y>147</y></bl>
<br><x>243</x><y>147</y></br>
<pan>0.000000</pan>
<confidence>1.000000</confidence>
</value>
</event>


<event type="face" id="0">
<timestamp>2520</timestamp>
<value>
<tl><x>178</x><y>110</y></tl>
<tr><x>243</x><y>110</y></tr>
<bl><x>178</x><y>147</y></bl>
<br><x>243</x><y>147</y></br>
<pan>0.000000</pan>
<confidence>1.000000</confidence>
</value>
</event>


<event type="face" id="0">
<timestamp>2560</timestamp>
<value>
<tl><x>179</x><y>110</y></tl>
<tr><x>244</x><y>110</y></tr>
<bl><x>179</x><y>147</y></bl>
<br><x>244</x><y>147</y></br>
<pan>0.000000</pan>
<confidence>1.000000</confidence>
</value>
</event>


<event type="face" id="0">
<timestamp>2600</timestamp>
<value>
<tl><x>179</x><y>110</y></tl>
<tr><x>244</x><y>110</y></tr>
<bl><x>179</x><y>147</y></bl>
<br><x>244</x><y>147</y></br>
<pan>0.000000</pan>
<confidence>1.000000</confidence>
</value>
</event>


<event type="face" id="0">
<timestamp>2640</timestamp>
<value>
<tl><x>179</x><y>110</y></tl>
<tr><x>244</x><y>110</y></tr>
<bl><x>179</x><y>147</y></bl>
<br><x>244</x><y>147</y></br>
<pan>0.000000</pan>
<confidence>1.000000</confidence>
</value>
</event>


<event type="face" id="0">
<timestamp>2680</timestamp>
<value>
<tl><x>179</x><y>111</y></tl>
<tr><x>244</x><y>111</y></tr>
<bl><x>179</x><y>148</y></bl>
<br><x>244</x><y>148</y></br>
<pan>0.000000</pan>
<confidence>1.000000</confidence>
</value>
</event>


<event type="face" id="0">
<timestamp>2720</timestamp>
<value>
<tl><x>179</x><y>111</y></tl>
<tr><x>244</x><y>111</y></tr>
<bl><x>179</x><y>148</y></bl>
<br><x>244</x><y>148</y></br>
<pan>0.000000</pan>
<confidence>1.000000</confidence>
</value>
</event>


<event type="face" id="0">
<timestamp>2760</timestamp>
<value>
<tl><x>179</x><y>111</y></tl>
<tr><x>244</x><y>111</y></tr>
<bl><x>179</x><y>148</y></bl>
<br><x>244</x><y>148</y></br>
<pan>0.000000</pan>
<confidence>1.000000</confidence>
</value>
</event>


<event type="face" id="0">
<timestamp>2800</timestamp>
<value>
<tl><x>179</x><y>111</y></tl>
<tr><x>244</x><y>111</y></tr>
<bl><x>179</x><y>148</y></bl>
<br><x>244</x><y>148</y></br>
<pan>0.000000</pan>
<confidence>1.000000</confidence>
</value>
</event>


<event type="face" id="0">
<timestamp>2840</timestamp>
<value>
<tl><x>179</x><y>111</y></tl>
<tr><x>244</x><y>111</y></tr>
<bl><x>179</x><y>148</y></bl>
<br><x>244</x><y>148</y></br>
<pan>0.000000</pan>
<confidence>1.000000</confidence>
</value>
</event>


<event type="face" id="0">
<timestamp>2880</timestamp>
<value>
<tl><x>179</x><y>112</y></tl>
<tr><x>244</x><y>112</y></tr>
<bl><x>179</x><y>149</y></bl>
<br><x>244</x><y>149</y></br>
<pan>0.000000</pan>
<confidence>1.000000</confidence>
</value>
</event>






</analysisresult>
