<?xml version="1.0" encoding="UTF-8"?>
<!DOCTYPE analysisresult SYSTEM "analysisresult_v0_1.dtd">
<analysisresult>
<skip_frames>0</skip_frames>


<event type="face" id="0">
<timestamp>0</timestamp>
<value>
<tl><x>178</x><y>65</y></tl>
<tr><x>191</x><y>65</y></tr>
<bl><x>178</x><y>116</y></bl>
<br><x>191</x><y>116</y></br>
<pan>0.000000</pan>
<confidence>1.000000</confidence>
</value>
</event>


<event type="face" id="0">
<timestamp>40</timestamp>
<value>
<tl><x>180</x><y>80</y></tl>
<tr><x>193</x><y>80</y></tr>
<bl><x>180</x><y>131</y></bl>
<br><x>193</x><y>131</y></br>
<pan>0.000000</pan>
<confidence>1.000000</confidence>
</value>
</event>


<event type="face" id="0">
<timestamp>80</timestamp>
<value>
<tl><x>179</x><y>69</y></tl>
<tr><x>192</x><y>69</y></tr>
<bl><x>179</x><y>120</y></bl>
<br><x>192</x><y>120</y></br>
<pan>0.000000</pan>
<confidence>1.000000</confidence>
</value>
</event>


<event type="face" id="0">
<timestamp>120</timestamp>
<value>
<tl><x>177</x><y>69</y></tl>
<tr><x>190</x><y>69</y></tr>
<bl><x>177</x><y>120</y></bl>
<br><x>190</x><y>120</y></br>
<pan>0.000000</pan>
<confidence>1.000000</confidence>
</value>
</event>


<event type="face" id="0">
<timestamp>160</timestamp>
<value>
<tl><x>178</x><y>65</y></tl>
<tr><x>191</x><y>65</y></tr>
<bl><x>178</x><y>116</y></bl>
<br><x>191</x><y>116</y></br>
<pan>0.000000</pan>
<confidence>1.000000</confidence>
</value>
</event>


<event type="face" id="0">
<timestamp>200</timestamp>
<value>
<tl><x>178</x><y>65</y></tl>
<tr><x>191</x><y>65</y></tr>
<bl><x>178</x><y>116</y></bl>
<br><x>191</x><y>116</y></br>
<pan>0.000000</pan>
<confidence>1.000000</confidence>
</value>
</event>


<event type="face" id="0">
<timestamp>240</timestamp>
<value>
<tl><x>177</x><y>65</y></tl>
<tr><x>190</x><y>65</y></tr>
<bl><x>177</x><y>116</y></bl>
<br><x>190</x><y>116</y></br>
<pan>0.000000</pan>
<confidence>1.000000</confidence>
</value>
</event>


<event type="face" id="0">
<timestamp>280</timestamp>
<value>
<tl><x>176</x><y>69</y></tl>
<tr><x>189</x><y>69</y></tr>
<bl><x>176</x><y>120</y></bl>
<br><x>189</x><y>120</y></br>
<pan>0.000000</pan>
<confidence>1.000000</confidence>
</value>
</event>


<event type="face" id="0">
<timestamp>320</timestamp>
<value>
<tl><x>177</x><y>70</y></tl>
<tr><x>190</x><y>70</y></tr>
<bl><x>177</x><y>121</y></bl>
<br><x>190</x><y>121</y></br>
<pan>0.000000</pan>
<confidence>1.000000</confidence>
</value>
</event>


<event type="face" id="0">
<timestamp>360</timestamp>
<value>
<tl><x>177</x><y>71</y></tl>
<tr><x>190</x><y>71</y></tr>
<bl><x>177</x><y>122</y></bl>
<br><x>190</x><y>122</y></br>
<pan>0.000000</pan>
<confidence>1.000000</confidence>
</value>
</event>


<event type="face" id="0">
<timestamp>400</timestamp>
<value>
<tl><x>175</x><y>70</y></tl>
<tr><x>188</x><y>70</y></tr>
<bl><x>175</x><y>121</y></bl>
<br><x>188</x><y>121</y></br>
<pan>0.000000</pan>
<confidence>1.000000</confidence>
</value>
</event>


<event type="face" id="0">
<timestamp>440</timestamp>
<value>
<tl><x>177</x><y>69</y></tl>
<tr><x>190</x><y>69</y></tr>
<bl><x>177</x><y>120</y></bl>
<br><x>190</x><y>120</y></br>
<pan>0.000000</pan>
<confidence>1.000000</confidence>
</value>
</event>


<event type="face" id="0">
<timestamp>480</timestamp>
<value>
<tl><x>177</x><y>71</y></tl>
<tr><x>190</x><y>71</y></tr>
<bl><x>177</x><y>122</y></bl>
<br><x>190</x><y>122</y></br>
<pan>0.000000</pan>
<confidence>1.000000</confidence>
</value>
</event>


<event type="face" id="0">
<timestamp>520</timestamp>
<value>
<tl><x>176</x><y>71</y></tl>
<tr><x>189</x><y>71</y></tr>
<bl><x>176</x><y>122</y></bl>
<br><x>189</x><y>122</y></br>
<pan>0.000000</pan>
<confidence>1.000000</confidence>
</value>
</event>


<event type="face" id="0">
<timestamp>560</timestamp>
<value>
<tl><x>177</x><y>71</y></tl>
<tr><x>190</x><y>71</y></tr>
<bl><x>177</x><y>122</y></bl>
<br><x>190</x><y>122</y></br>
<pan>0.000000</pan>
<confidence>1.000000</confidence>
</value>
</event>


<event type="face" id="0">
<timestamp>600</timestamp>
<value>
<tl><x>176</x><y>71</y></tl>
<tr><x>189</x><y>71</y></tr>
<bl><x>176</x><y>122</y></bl>
<br><x>189</x><y>122</y></br>
<pan>0.000000</pan>
<confidence>1.000000</confidence>
</value>
</event>


<event type="face" id="0">
<timestamp>640</timestamp>
<value>
<tl><x>176</x><y>71</y></tl>
<tr><x>189</x><y>71</y></tr>
<bl><x>176</x><y>122</y></bl>
<br><x>189</x><y>122</y></br>
<pan>0.000000</pan>
<confidence>1.000000</confidence>
</value>
</event>


<event type="face" id="0">
<timestamp>680</timestamp>
<value>
<tl><x>176</x><y>71</y></tl>
<tr><x>189</x><y>71</y></tr>
<bl><x>176</x><y>122</y></bl>
<br><x>189</x><y>122</y></br>
<pan>0.000000</pan>
<confidence>1.000000</confidence>
</value>
</event>


<event type="face" id="0">
<timestamp>720</timestamp>
<value>
<tl><x>176</x><y>71</y></tl>
<tr><x>189</x><y>71</y></tr>
<bl><x>176</x><y>122</y></bl>
<br><x>189</x><y>122</y></br>
<pan>0.000000</pan>
<confidence>1.000000</confidence>
</value>
</event>


<event type="face" id="0">
<timestamp>760</timestamp>
<value>
<tl><x>175</x><y>72</y></tl>
<tr><x>188</x><y>72</y></tr>
<bl><x>175</x><y>123</y></bl>
<br><x>188</x><y>123</y></br>
<pan>0.000000</pan>
<confidence>1.000000</confidence>
</value>
</event>


<event type="face" id="0">
<timestamp>800</timestamp>
<value>
<tl><x>175</x><y>73</y></tl>
<tr><x>188</x><y>73</y></tr>
<bl><x>175</x><y>124</y></bl>
<br><x>188</x><y>124</y></br>
<pan>0.000000</pan>
<confidence>1.000000</confidence>
</value>
</event>


<event type="face" id="0">
<timestamp>840</timestamp>
<value>
<tl><x>175</x><y>73</y></tl>
<tr><x>188</x><y>73</y></tr>
<bl><x>175</x><y>124</y></bl>
<br><x>188</x><y>124</y></br>
<pan>0.000000</pan>
<confidence>1.000000</confidence>
</value>
</event>


<event type="face" id="0">
<timestamp>880</timestamp>
<value>
<tl><x>175</x><y>73</y></tl>
<tr><x>188</x><y>73</y></tr>
<bl><x>175</x><y>124</y></bl>
<br><x>188</x><y>124</y></br>
<pan>0.000000</pan>
<confidence>1.000000</confidence>
</value>
</event>


<event type="face" id="0">
<timestamp>920</timestamp>
<value>
<tl><x>175</x><y>73</y></tl>
<tr><x>188</x><y>73</y></tr>
<bl><x>175</x><y>124</y></bl>
<br><x>188</x><y>124</y></br>
<pan>0.000000</pan>
<confidence>1.000000</confidence>
</value>
</event>


<event type="face" id="0">
<timestamp>960</timestamp>
<value>
<tl><x>174</x><y>74</y></tl>
<tr><x>187</x><y>74</y></tr>
<bl><x>174</x><y>125</y></bl>
<br><x>187</x><y>125</y></br>
<pan>0.000000</pan>
<confidence>1.000000</confidence>
</value>
</event>


<event type="face" id="0">
<timestamp>1000</timestamp>
<value>
<tl><x>173</x><y>75</y></tl>
<tr><x>186</x><y>75</y></tr>
<bl><x>173</x><y>126</y></bl>
<br><x>186</x><y>126</y></br>
<pan>0.000000</pan>
<confidence>1.000000</confidence>
</value>
</event>


<event type="face" id="0">
<timestamp>1040</timestamp>
<value>
<tl><x>173</x><y>76</y></tl>
<tr><x>186</x><y>76</y></tr>
<bl><x>173</x><y>127</y></bl>
<br><x>186</x><y>127</y></br>
<pan>0.000000</pan>
<confidence>1.000000</confidence>
</value>
</event>


<event type="face" id="0">
<timestamp>1080</timestamp>
<value>
<tl><x>172</x><y>77</y></tl>
<tr><x>185</x><y>77</y></tr>
<bl><x>172</x><y>128</y></bl>
<br><x>185</x><y>128</y></br>
<pan>0.000000</pan>
<confidence>1.000000</confidence>
</value>
</event>


<event type="face" id="0">
<timestamp>1120</timestamp>
<value>
<tl><x>172</x><y>78</y></tl>
<tr><x>185</x><y>78</y></tr>
<bl><x>172</x><y>129</y></bl>
<br><x>185</x><y>129</y></br>
<pan>0.000000</pan>
<confidence>1.000000</confidence>
</value>
</event>


<event type="face" id="0">
<timestamp>1160</timestamp>
<value>
<tl><x>172</x><y>77</y></tl>
<tr><x>185</x><y>77</y></tr>
<bl><x>172</x><y>128</y></bl>
<br><x>185</x><y>128</y></br>
<pan>0.000000</pan>
<confidence>1.000000</confidence>
</value>
</event>


<event type="face" id="0">
<timestamp>1200</timestamp>
<value>
<tl><x>171</x><y>79</y></tl>
<tr><x>184</x><y>79</y></tr>
<bl><x>171</x><y>130</y></bl>
<br><x>184</x><y>130</y></br>
<pan>0.000000</pan>
<confidence>1.000000</confidence>
</value>
</event>


<event type="face" id="0">
<timestamp>1240</timestamp>
<value>
<tl><x>171</x><y>80</y></tl>
<tr><x>184</x><y>80</y></tr>
<bl><x>171</x><y>131</y></bl>
<br><x>184</x><y>131</y></br>
<pan>0.000000</pan>
<confidence>1.000000</confidence>
</value>
</event>


<event type="face" id="0">
<timestamp>1280</timestamp>
<value>
<tl><x>171</x><y>81</y></tl>
<tr><x>184</x><y>81</y></tr>
<bl><x>171</x><y>132</y></bl>
<br><x>184</x><y>132</y></br>
<pan>0.000000</pan>
<confidence>1.000000</confidence>
</value>
</event>


<event type="face" id="0">
<timestamp>1320</timestamp>
<value>
<tl><x>169</x><y>81</y></tl>
<tr><x>182</x><y>81</y></tr>
<bl><x>169</x><y>132</y></bl>
<br><x>182</x><y>132</y></br>
<pan>0.000000</pan>
<confidence>1.000000</confidence>
</value>
</event>


<event type="face" id="0">
<timestamp>1360</timestamp>
<value>
<tl><x>169</x><y>82</y></tl>
<tr><x>182</x><y>82</y></tr>
<bl><x>169</x><y>133</y></bl>
<br><x>182</x><y>133</y></br>
<pan>0.000000</pan>
<confidence>1.000000</confidence>
</value>
</event>


<event type="face" id="0">
<timestamp>1400</timestamp>
<value>
<tl><x>169</x><y>84</y></tl>
<tr><x>182</x><y>84</y></tr>
<bl><x>169</x><y>135</y></bl>
<br><x>182</x><y>135</y></br>
<pan>0.000000</pan>
<confidence>1.000000</confidence>
</value>
</event>


<event type="face" id="0">
<timestamp>1440</timestamp>
<value>
<tl><x>170</x><y>88</y></tl>
<tr><x>183</x><y>88</y></tr>
<bl><x>170</x><y>139</y></bl>
<br><x>183</x><y>139</y></br>
<pan>0.000000</pan>
<confidence>1.000000</confidence>
</value>
</event>


<event type="face" id="0">
<timestamp>1480</timestamp>
<value>
<tl><x>170</x><y>89</y></tl>
<tr><x>183</x><y>89</y></tr>
<bl><x>170</x><y>140</y></bl>
<br><x>183</x><y>140</y></br>
<pan>0.000000</pan>
<confidence>1.000000</confidence>
</value>
</event>


<event type="face" id="0">
<timestamp>1520</timestamp>
<value>
<tl><x>169</x><y>89</y></tl>
<tr><x>182</x><y>89</y></tr>
<bl><x>169</x><y>140</y></bl>
<br><x>182</x><y>140</y></br>
<pan>0.000000</pan>
<confidence>1.000000</confidence>
</value>
</event>


<event type="face" id="0">
<timestamp>1560</timestamp>
<value>
<tl><x>169</x><y>91</y></tl>
<tr><x>182</x><y>91</y></tr>
<bl><x>169</x><y>142</y></bl>
<br><x>182</x><y>142</y></br>
<pan>0.000000</pan>
<confidence>1.000000</confidence>
</value>
</event>


<event type="face" id="0">
<timestamp>1600</timestamp>
<value>
<tl><x>169</x><y>92</y></tl>
<tr><x>182</x><y>92</y></tr>
<bl><x>169</x><y>143</y></bl>
<br><x>182</x><y>143</y></br>
<pan>0.000000</pan>
<confidence>1.000000</confidence>
</value>
</event>


<event type="face" id="0">
<timestamp>1640</timestamp>
<value>
<tl><x>169</x><y>93</y></tl>
<tr><x>182</x><y>93</y></tr>
<bl><x>169</x><y>144</y></bl>
<br><x>182</x><y>144</y></br>
<pan>0.000000</pan>
<confidence>1.000000</confidence>
</value>
</event>


<event type="face" id="0">
<timestamp>1680</timestamp>
<value>
<tl><x>169</x><y>95</y></tl>
<tr><x>182</x><y>95</y></tr>
<bl><x>169</x><y>146</y></bl>
<br><x>182</x><y>146</y></br>
<pan>0.000000</pan>
<confidence>1.000000</confidence>
</value>
</event>


<event type="face" id="0">
<timestamp>1720</timestamp>
<value>
<tl><x>169</x><y>97</y></tl>
<tr><x>182</x><y>97</y></tr>
<bl><x>169</x><y>148</y></bl>
<br><x>182</x><y>148</y></br>
<pan>0.000000</pan>
<confidence>1.000000</confidence>
</value>
</event>


<event type="face" id="0">
<timestamp>1760</timestamp>
<value>
<tl><x>169</x><y>98</y></tl>
<tr><x>182</x><y>98</y></tr>
<bl><x>169</x><y>149</y></bl>
<br><x>182</x><y>149</y></br>
<pan>0.000000</pan>
<confidence>1.000000</confidence>
</value>
</event>


<event type="face" id="0">
<timestamp>1800</timestamp>
<value>
<tl><x>170</x><y>100</y></tl>
<tr><x>183</x><y>100</y></tr>
<bl><x>170</x><y>151</y></bl>
<br><x>183</x><y>151</y></br>
<pan>0.000000</pan>
<confidence>1.000000</confidence>
</value>
</event>


<event type="face" id="0">
<timestamp>1840</timestamp>
<value>
<tl><x>170</x><y>102</y></tl>
<tr><x>183</x><y>102</y></tr>
<bl><x>170</x><y>153</y></bl>
<br><x>183</x><y>153</y></br>
<pan>0.000000</pan>
<confidence>1.000000</confidence>
</value>
</event>


<event type="face" id="0">
<timestamp>1880</timestamp>
<value>
<tl><x>171</x><y>105</y></tl>
<tr><x>184</x><y>105</y></tr>
<bl><x>171</x><y>156</y></bl>
<br><x>184</x><y>156</y></br>
<pan>0.000000</pan>
<confidence>1.000000</confidence>
</value>
</event>


<event type="face" id="0">
<timestamp>1920</timestamp>
<value>
<tl><x>169</x><y>106</y></tl>
<tr><x>182</x><y>106</y></tr>
<bl><x>169</x><y>157</y></bl>
<br><x>182</x><y>157</y></br>
<pan>0.000000</pan>
<confidence>1.000000</confidence>
</value>
</event>


<event type="face" id="0">
<timestamp>1960</timestamp>
<value>
<tl><x>168</x><y>107</y></tl>
<tr><x>181</x><y>107</y></tr>
<bl><x>168</x><y>158</y></bl>
<br><x>181</x><y>158</y></br>
<pan>0.000000</pan>
<confidence>1.000000</confidence>
</value>
</event>


<event type="face" id="0">
<timestamp>2000</timestamp>
<value>
<tl><x>166</x><y>109</y></tl>
<tr><x>179</x><y>109</y></tr>
<bl><x>166</x><y>160</y></bl>
<br><x>179</x><y>160</y></br>
<pan>0.000000</pan>
<confidence>1.000000</confidence>
</value>
</event>


<event type="face" id="0">
<timestamp>2040</timestamp>
<value>
<tl><x>166</x><y>110</y></tl>
<tr><x>179</x><y>110</y></tr>
<bl><x>166</x><y>161</y></bl>
<br><x>179</x><y>161</y></br>
<pan>0.000000</pan>
<confidence>1.000000</confidence>
</value>
</event>


<event type="face" id="0">
<timestamp>2080</timestamp>
<value>
<tl><x>164</x><y>112</y></tl>
<tr><x>177</x><y>112</y></tr>
<bl><x>164</x><y>163</y></bl>
<br><x>177</x><y>163</y></br>
<pan>0.000000</pan>
<confidence>1.000000</confidence>
</value>
</event>


<event type="face" id="0">
<timestamp>2120</timestamp>
<value>
<tl><x>165</x><y>115</y></tl>
<tr><x>178</x><y>115</y></tr>
<bl><x>165</x><y>166</y></bl>
<br><x>178</x><y>166</y></br>
<pan>0.000000</pan>
<confidence>1.000000</confidence>
</value>
</event>


<event type="face" id="0">
<timestamp>2160</timestamp>
<value>
<tl><x>166</x><y>115</y></tl>
<tr><x>179</x><y>115</y></tr>
<bl><x>166</x><y>166</y></bl>
<br><x>179</x><y>166</y></br>
<pan>0.000000</pan>
<confidence>1.000000</confidence>
</value>
</event>


<event type="face" id="0">
<timestamp>2200</timestamp>
<value>
<tl><x>166</x><y>114</y></tl>
<tr><x>179</x><y>114</y></tr>
<bl><x>166</x><y>165</y></bl>
<br><x>179</x><y>165</y></br>
<pan>0.000000</pan>
<confidence>1.000000</confidence>
</value>
</event>


<event type="face" id="0">
<timestamp>2240</timestamp>
<value>
<tl><x>165</x><y>115</y></tl>
<tr><x>178</x><y>115</y></tr>
<bl><x>165</x><y>166</y></bl>
<br><x>178</x><y>166</y></br>
<pan>0.000000</pan>
<confidence>1.000000</confidence>
</value>
</event>


<event type="face" id="0">
<timestamp>2280</timestamp>
<value>
<tl><x>165</x><y>116</y></tl>
<tr><x>178</x><y>116</y></tr>
<bl><x>165</x><y>167</y></bl>
<br><x>178</x><y>167</y></br>
<pan>0.000000</pan>
<confidence>1.000000</confidence>
</value>
</event>


<event type="face" id="0">
<timestamp>2320</timestamp>
<value>
<tl><x>165</x><y>116</y></tl>
<tr><x>178</x><y>116</y></tr>
<bl><x>165</x><y>167</y></bl>
<br><x>178</x><y>167</y></br>
<pan>0.000000</pan>
<confidence>1.000000</confidence>
</value>
</event>


<event type="face" id="0">
<timestamp>2360</timestamp>
<value>
<tl><x>165</x><y>115</y></tl>
<tr><x>178</x><y>115</y></tr>
<bl><x>165</x><y>166</y></bl>
<br><x>178</x><y>166</y></br>
<pan>0.000000</pan>
<confidence>1.000000</confidence>
</value>
</event>


<event type="face" id="0">
<timestamp>2400</timestamp>
<value>
<tl><x>165</x><y>116</y></tl>
<tr><x>178</x><y>116</y></tr>
<bl><x>165</x><y>167</y></bl>
<br><x>178</x><y>167</y></br>
<pan>0.000000</pan>
<confidence>1.000000</confidence>
</value>
</event>


<event type="face" id="0">
<timestamp>2440</timestamp>
<value>
<tl><x>166</x><y>116</y></tl>
<tr><x>179</x><y>116</y></tr>
<bl><x>166</x><y>167</y></bl>
<br><x>179</x><y>167</y></br>
<pan>0.000000</pan>
<confidence>1.000000</confidence>
</value>
</event>


<event type="face" id="0">
<timestamp>2480</timestamp>
<value>
<tl><x>166</x><y>117</y></tl>
<tr><x>179</x><y>117</y></tr>
<bl><x>166</x><y>168</y></bl>
<br><x>179</x><y>168</y></br>
<pan>0.000000</pan>
<confidence>1.000000</confidence>
</value>
</event>


<event type="face" id="0">
<timestamp>2520</timestamp>
<value>
<tl><x>166</x><y>117</y></tl>
<tr><x>179</x><y>117</y></tr>
<bl><x>166</x><y>168</y></bl>
<br><x>179</x><y>168</y></br>
<pan>0.000000</pan>
<confidence>1.000000</confidence>
</value>
</event>


<event type="face" id="0">
<timestamp>2560</timestamp>
<value>
<tl><x>167</x><y>116</y></tl>
<tr><x>180</x><y>116</y></tr>
<bl><x>167</x><y>167</y></bl>
<br><x>180</x><y>167</y></br>
<pan>0.000000</pan>
<confidence>1.000000</confidence>
</value>
</event>


<event type="face" id="0">
<timestamp>2600</timestamp>
<value>
<tl><x>167</x><y>115</y></tl>
<tr><x>180</x><y>115</y></tr>
<bl><x>167</x><y>166</y></bl>
<br><x>180</x><y>166</y></br>
<pan>0.000000</pan>
<confidence>1.000000</confidence>
</value>
</event>


<event type="face" id="0">
<timestamp>2640</timestamp>
<value>
<tl><x>167</x><y>114</y></tl>
<tr><x>180</x><y>114</y></tr>
<bl><x>167</x><y>165</y></bl>
<br><x>180</x><y>165</y></br>
<pan>0.000000</pan>
<confidence>1.000000</confidence>
</value>
</event>


<event type="face" id="0">
<timestamp>2680</timestamp>
<value>
<tl><x>168</x><y>112</y></tl>
<tr><x>181</x><y>112</y></tr>
<bl><x>168</x><y>163</y></bl>
<br><x>181</x><y>163</y></br>
<pan>0.000000</pan>
<confidence>1.000000</confidence>
</value>
</event>


<event type="face" id="0">
<timestamp>2720</timestamp>
<value>
<tl><x>166</x><y>113</y></tl>
<tr><x>179</x><y>113</y></tr>
<bl><x>166</x><y>164</y></bl>
<br><x>179</x><y>164</y></br>
<pan>0.000000</pan>
<confidence>1.000000</confidence>
</value>
</event>


<event type="face" id="0">
<timestamp>2760</timestamp>
<value>
<tl><x>166</x><y>112</y></tl>
<tr><x>179</x><y>112</y></tr>
<bl><x>166</x><y>163</y></bl>
<br><x>179</x><y>163</y></br>
<pan>0.000000</pan>
<confidence>1.000000</confidence>
</value>
</event>


<event type="face" id="0">
<timestamp>2800</timestamp>
<value>
<tl><x>167</x><y>111</y></tl>
<tr><x>180</x><y>111</y></tr>
<bl><x>167</x><y>162</y></bl>
<br><x>180</x><y>162</y></br>
<pan>0.000000</pan>
<confidence>1.000000</confidence>
</value>
</event>


<event type="face" id="0">
<timestamp>2840</timestamp>
<value>
<tl><x>168</x><y>109</y></tl>
<tr><x>181</x><y>109</y></tr>
<bl><x>168</x><y>160</y></bl>
<br><x>181</x><y>160</y></br>
<pan>0.000000</pan>
<confidence>1.000000</confidence>
</value>
</event>


<event type="face" id="0">
<timestamp>2880</timestamp>
<value>
<tl><x>168</x><y>106</y></tl>
<tr><x>181</x><y>106</y></tr>
<bl><x>168</x><y>157</y></bl>
<br><x>181</x><y>157</y></br>
<pan>0.000000</pan>
<confidence>1.000000</confidence>
</value>
</event>


<event type="face" id="0">
<timestamp>2920</timestamp>
<value>
<tl><x>168</x><y>108</y></tl>
<tr><x>181</x><y>108</y></tr>
<bl><x>168</x><y>159</y></bl>
<br><x>181</x><y>159</y></br>
<pan>0.000000</pan>
<confidence>1.000000</confidence>
</value>
</event>


<event type="face" id="0">
<timestamp>2960</timestamp>
<value>
<tl><x>167</x><y>103</y></tl>
<tr><x>180</x><y>103</y></tr>
<bl><x>167</x><y>154</y></bl>
<br><x>180</x><y>154</y></br>
<pan>0.000000</pan>
<confidence>1.000000</confidence>
</value>
</event>


<event type="face" id="0">
<timestamp>3000</timestamp>
<value>
<tl><x>167</x><y>104</y></tl>
<tr><x>180</x><y>104</y></tr>
<bl><x>167</x><y>155</y></bl>
<br><x>180</x><y>155</y></br>
<pan>0.000000</pan>
<confidence>1.000000</confidence>
</value>
</event>


<event type="face" id="0">
<timestamp>3040</timestamp>
<value>
<tl><x>166</x><y>101</y></tl>
<tr><x>179</x><y>101</y></tr>
<bl><x>166</x><y>152</y></bl>
<br><x>179</x><y>152</y></br>
<pan>0.000000</pan>
<confidence>1.000000</confidence>
</value>
</event>


<event type="face" id="0">
<timestamp>3080</timestamp>
<value>
<tl><x>166</x><y>96</y></tl>
<tr><x>179</x><y>96</y></tr>
<bl><x>166</x><y>147</y></bl>
<br><x>179</x><y>147</y></br>
<pan>0.000000</pan>
<confidence>1.000000</confidence>
</value>
</event>


<event type="face" id="0">
<timestamp>3120</timestamp>
<value>
<tl><x>165</x><y>95</y></tl>
<tr><x>178</x><y>95</y></tr>
<bl><x>165</x><y>146</y></bl>
<br><x>178</x><y>146</y></br>
<pan>0.000000</pan>
<confidence>1.000000</confidence>
</value>
</event>


<event type="face" id="0">
<timestamp>3160</timestamp>
<value>
<tl><x>165</x><y>91</y></tl>
<tr><x>178</x><y>91</y></tr>
<bl><x>165</x><y>142</y></bl>
<br><x>178</x><y>142</y></br>
<pan>0.000000</pan>
<confidence>1.000000</confidence>
</value>
</event>


<event type="face" id="0">
<timestamp>3200</timestamp>
<value>
<tl><x>165</x><y>87</y></tl>
<tr><x>178</x><y>87</y></tr>
<bl><x>165</x><y>138</y></bl>
<br><x>178</x><y>138</y></br>
<pan>0.000000</pan>
<confidence>1.000000</confidence>
</value>
</event>


<event type="face" id="0">
<timestamp>3240</timestamp>
<value>
<tl><x>164</x><y>89</y></tl>
<tr><x>177</x><y>89</y></tr>
<bl><x>164</x><y>140</y></bl>
<br><x>177</x><y>140</y></br>
<pan>0.000000</pan>
<confidence>1.000000</confidence>
</value>
</event>


<event type="face" id="0">
<timestamp>3280</timestamp>
<value>
<tl><x>164</x><y>86</y></tl>
<tr><x>177</x><y>86</y></tr>
<bl><x>164</x><y>137</y></bl>
<br><x>177</x><y>137</y></br>
<pan>0.000000</pan>
<confidence>1.000000</confidence>
</value>
</event>


<event type="face" id="0">
<timestamp>3320</timestamp>
<value>
<tl><x>164</x><y>81</y></tl>
<tr><x>177</x><y>81</y></tr>
<bl><x>164</x><y>132</y></bl>
<br><x>177</x><y>132</y></br>
<pan>0.000000</pan>
<confidence>1.000000</confidence>
</value>
</event>


<event type="face" id="0">
<timestamp>3360</timestamp>
<value>
<tl><x>163</x><y>78</y></tl>
<tr><x>176</x><y>78</y></tr>
<bl><x>163</x><y>129</y></bl>
<br><x>176</x><y>129</y></br>
<pan>0.000000</pan>
<confidence>1.000000</confidence>
</value>
</event>


<event type="face" id="0">
<timestamp>3400</timestamp>
<value>
<tl><x>164</x><y>76</y></tl>
<tr><x>177</x><y>76</y></tr>
<bl><x>164</x><y>127</y></bl>
<br><x>177</x><y>127</y></br>
<pan>0.000000</pan>
<confidence>1.000000</confidence>
</value>
</event>


<event type="face" id="0">
<timestamp>3440</timestamp>
<value>
<tl><x>163</x><y>76</y></tl>
<tr><x>176</x><y>76</y></tr>
<bl><x>163</x><y>127</y></bl>
<br><x>176</x><y>127</y></br>
<pan>0.000000</pan>
<confidence>1.000000</confidence>
</value>
</event>


<event type="face" id="0">
<timestamp>3480</timestamp>
<value>
<tl><x>164</x><y>73</y></tl>
<tr><x>177</x><y>73</y></tr>
<bl><x>164</x><y>124</y></bl>
<br><x>177</x><y>124</y></br>
<pan>0.000000</pan>
<confidence>1.000000</confidence>
</value>
</event>


<event type="face" id="0">
<timestamp>3520</timestamp>
<value>
<tl><x>163</x><y>78</y></tl>
<tr><x>176</x><y>78</y></tr>
<bl><x>163</x><y>129</y></bl>
<br><x>176</x><y>129</y></br>
<pan>0.000000</pan>
<confidence>1.000000</confidence>
</value>
</event>


<event type="face" id="0">
<timestamp>3560</timestamp>
<value>
<tl><x>166</x><y>71</y></tl>
<tr><x>179</x><y>71</y></tr>
<bl><x>166</x><y>122</y></bl>
<br><x>179</x><y>122</y></br>
<pan>0.000000</pan>
<confidence>1.000000</confidence>
</value>
</event>


<event type="face" id="0">
<timestamp>3600</timestamp>
<value>
<tl><x>168</x><y>70</y></tl>
<tr><x>181</x><y>70</y></tr>
<bl><x>168</x><y>121</y></bl>
<br><x>181</x><y>121</y></br>
<pan>0.000000</pan>
<confidence>1.000000</confidence>
</value>
</event>


<event type="face" id="0">
<timestamp>3640</timestamp>
<value>
<tl><x>169</x><y>68</y></tl>
<tr><x>182</x><y>68</y></tr>
<bl><x>169</x><y>119</y></bl>
<br><x>182</x><y>119</y></br>
<pan>0.000000</pan>
<confidence>1.000000</confidence>
</value>
</event>


<event type="face" id="0">
<timestamp>3680</timestamp>
<value>
<tl><x>171</x><y>66</y></tl>
<tr><x>184</x><y>66</y></tr>
<bl><x>171</x><y>117</y></bl>
<br><x>184</x><y>117</y></br>
<pan>0.000000</pan>
<confidence>1.000000</confidence>
</value>
</event>


<event type="face" id="0">
<timestamp>3720</timestamp>
<value>
<tl><x>172</x><y>63</y></tl>
<tr><x>185</x><y>63</y></tr>
<bl><x>172</x><y>114</y></bl>
<br><x>185</x><y>114</y></br>
<pan>0.000000</pan>
<confidence>1.000000</confidence>
</value>
</event>


<event type="face" id="0">
<timestamp>3760</timestamp>
<value>
<tl><x>174</x><y>64</y></tl>
<tr><x>187</x><y>64</y></tr>
<bl><x>174</x><y>115</y></bl>
<br><x>187</x><y>115</y></br>
<pan>0.000000</pan>
<confidence>1.000000</confidence>
</value>
</event>


<event type="face" id="0">
<timestamp>3800</timestamp>
<value>
<tl><x>176</x><y>64</y></tl>
<tr><x>189</x><y>64</y></tr>
<bl><x>176</x><y>115</y></bl>
<br><x>189</x><y>115</y></br>
<pan>0.000000</pan>
<confidence>1.000000</confidence>
</value>
</event>


<event type="face" id="0">
<timestamp>3840</timestamp>
<value>
<tl><x>176</x><y>62</y></tl>
<tr><x>189</x><y>62</y></tr>
<bl><x>176</x><y>113</y></bl>
<br><x>189</x><y>113</y></br>
<pan>0.000000</pan>
<confidence>1.000000</confidence>
</value>
</event>


<event type="face" id="0">
<timestamp>3880</timestamp>
<value>
<tl><x>175</x><y>60</y></tl>
<tr><x>188</x><y>60</y></tr>
<bl><x>175</x><y>111</y></bl>
<br><x>188</x><y>111</y></br>
<pan>0.000000</pan>
<confidence>1.000000</confidence>
</value>
</event>


<event type="face" id="0">
<timestamp>3920</timestamp>
<value>
<tl><x>176</x><y>58</y></tl>
<tr><x>189</x><y>58</y></tr>
<bl><x>176</x><y>109</y></bl>
<br><x>189</x><y>109</y></br>
<pan>0.000000</pan>
<confidence>1.000000</confidence>
</value>
</event>


<event type="face" id="0">
<timestamp>3960</timestamp>
<value>
<tl><x>174</x><y>56</y></tl>
<tr><x>187</x><y>56</y></tr>
<bl><x>174</x><y>107</y></bl>
<br><x>187</x><y>107</y></br>
<pan>0.000000</pan>
<confidence>1.000000</confidence>
</value>
</event>


<event type="face" id="0">
<timestamp>4000</timestamp>
<value>
<tl><x>174</x><y>54</y></tl>
<tr><x>187</x><y>54</y></tr>
<bl><x>174</x><y>105</y></bl>
<br><x>187</x><y>105</y></br>
<pan>0.000000</pan>
<confidence>1.000000</confidence>
</value>
</event>


<event type="face" id="0">
<timestamp>4040</timestamp>
<value>
<tl><x>175</x><y>53</y></tl>
<tr><x>188</x><y>53</y></tr>
<bl><x>175</x><y>104</y></bl>
<br><x>188</x><y>104</y></br>
<pan>0.000000</pan>
<confidence>1.000000</confidence>
</value>
</event>


<event type="face" id="0">
<timestamp>4080</timestamp>
<value>
<tl><x>177</x><y>52</y></tl>
<tr><x>190</x><y>52</y></tr>
<bl><x>177</x><y>103</y></bl>
<br><x>190</x><y>103</y></br>
<pan>0.000000</pan>
<confidence>1.000000</confidence>
</value>
</event>


<event type="face" id="0">
<timestamp>4120</timestamp>
<value>
<tl><x>180</x><y>51</y></tl>
<tr><x>193</x><y>51</y></tr>
<bl><x>180</x><y>102</y></bl>
<br><x>193</x><y>102</y></br>
<pan>0.000000</pan>
<confidence>1.000000</confidence>
</value>
</event>


<event type="face" id="0">
<timestamp>4160</timestamp>
<value>
<tl><x>182</x><y>50</y></tl>
<tr><x>195</x><y>50</y></tr>
<bl><x>182</x><y>101</y></bl>
<br><x>195</x><y>101</y></br>
<pan>0.000000</pan>
<confidence>1.000000</confidence>
</value>
</event>


<event type="face" id="0">
<timestamp>4200</timestamp>
<value>
<tl><x>185</x><y>53</y></tl>
<tr><x>198</x><y>53</y></tr>
<bl><x>185</x><y>104</y></bl>
<br><x>198</x><y>104</y></br>
<pan>0.000000</pan>
<confidence>1.000000</confidence>
</value>
</event>


<event type="face" id="0">
<timestamp>4240</timestamp>
<value>
<tl><x>186</x><y>56</y></tl>
<tr><x>199</x><y>56</y></tr>
<bl><x>186</x><y>107</y></bl>
<br><x>199</x><y>107</y></br>
<pan>0.000000</pan>
<confidence>1.000000</confidence>
</value>
</event>


<event type="face" id="0">
<timestamp>4280</timestamp>
<value>
<tl><x>185</x><y>58</y></tl>
<tr><x>198</x><y>58</y></tr>
<bl><x>185</x><y>109</y></bl>
<br><x>198</x><y>109</y></br>
<pan>0.000000</pan>
<confidence>1.000000</confidence>
</value>
</event>


<event type="face" id="0">
<timestamp>4320</timestamp>
<value>
<tl><x>183</x><y>58</y></tl>
<tr><x>196</x><y>58</y></tr>
<bl><x>183</x><y>109</y></bl>
<br><x>196</x><y>109</y></br>
<pan>0.000000</pan>
<confidence>1.000000</confidence>
</value>
</event>


<event type="face" id="0">
<timestamp>4360</timestamp>
<value>
<tl><x>181</x><y>57</y></tl>
<tr><x>194</x><y>57</y></tr>
<bl><x>181</x><y>108</y></bl>
<br><x>194</x><y>108</y></br>
<pan>0.000000</pan>
<confidence>1.000000</confidence>
</value>
</event>


<event type="face" id="0">
<timestamp>4400</timestamp>
<value>
<tl><x>181</x><y>56</y></tl>
<tr><x>194</x><y>56</y></tr>
<bl><x>181</x><y>107</y></bl>
<br><x>194</x><y>107</y></br>
<pan>0.000000</pan>
<confidence>1.000000</confidence>
</value>
</event>


<event type="face" id="0">
<timestamp>4440</timestamp>
<value>
<tl><x>181</x><y>56</y></tl>
<tr><x>194</x><y>56</y></tr>
<bl><x>181</x><y>107</y></bl>
<br><x>194</x><y>107</y></br>
<pan>0.000000</pan>
<confidence>1.000000</confidence>
</value>
</event>


<event type="face" id="0">
<timestamp>4480</timestamp>
<value>
<tl><x>181</x><y>54</y></tl>
<tr><x>194</x><y>54</y></tr>
<bl><x>181</x><y>105</y></bl>
<br><x>194</x><y>105</y></br>
<pan>0.000000</pan>
<confidence>1.000000</confidence>
</value>
</event>


<event type="face" id="0">
<timestamp>4520</timestamp>
<value>
<tl><x>180</x><y>54</y></tl>
<tr><x>193</x><y>54</y></tr>
<bl><x>180</x><y>105</y></bl>
<br><x>193</x><y>105</y></br>
<pan>0.000000</pan>
<confidence>1.000000</confidence>
</value>
</event>


<event type="face" id="0">
<timestamp>4560</timestamp>
<value>
<tl><x>181</x><y>53</y></tl>
<tr><x>194</x><y>53</y></tr>
<bl><x>181</x><y>104</y></bl>
<br><x>194</x><y>104</y></br>
<pan>0.000000</pan>
<confidence>1.000000</confidence>
</value>
</event>


<event type="face" id="0">
<timestamp>4600</timestamp>
<value>
<tl><x>182</x><y>52</y></tl>
<tr><x>195</x><y>52</y></tr>
<bl><x>182</x><y>103</y></bl>
<br><x>195</x><y>103</y></br>
<pan>0.000000</pan>
<confidence>1.000000</confidence>
</value>
</event>


<event type="face" id="0">
<timestamp>4640</timestamp>
<value>
<tl><x>182</x><y>53</y></tl>
<tr><x>195</x><y>53</y></tr>
<bl><x>182</x><y>104</y></bl>
<br><x>195</x><y>104</y></br>
<pan>0.000000</pan>
<confidence>1.000000</confidence>
</value>
</event>


<event type="face" id="0">
<timestamp>4680</timestamp>
<value>
<tl><x>184</x><y>53</y></tl>
<tr><x>197</x><y>53</y></tr>
<bl><x>184</x><y>104</y></bl>
<br><x>197</x><y>104</y></br>
<pan>0.000000</pan>
<confidence>1.000000</confidence>
</value>
</event>


<event type="face" id="0">
<timestamp>4720</timestamp>
<value>
<tl><x>186</x><y>55</y></tl>
<tr><x>199</x><y>55</y></tr>
<bl><x>186</x><y>106</y></bl>
<br><x>199</x><y>106</y></br>
<pan>0.000000</pan>
<confidence>1.000000</confidence>
</value>
</event>


<event type="face" id="0">
<timestamp>4760</timestamp>
<value>
<tl><x>184</x><y>56</y></tl>
<tr><x>197</x><y>56</y></tr>
<bl><x>184</x><y>107</y></bl>
<br><x>197</x><y>107</y></br>
<pan>0.000000</pan>
<confidence>1.000000</confidence>
</value>
</event>


<event type="face" id="0">
<timestamp>4800</timestamp>
<value>
<tl><x>183</x><y>56</y></tl>
<tr><x>196</x><y>56</y></tr>
<bl><x>183</x><y>107</y></bl>
<br><x>196</x><y>107</y></br>
<pan>0.000000</pan>
<confidence>1.000000</confidence>
</value>
</event>


<event type="face" id="0">
<timestamp>4840</timestamp>
<value>
<tl><x>183</x><y>59</y></tl>
<tr><x>196</x><y>59</y></tr>
<bl><x>183</x><y>110</y></bl>
<br><x>196</x><y>110</y></br>
<pan>0.000000</pan>
<confidence>1.000000</confidence>
</value>
</event>


<event type="face" id="0">
<timestamp>4880</timestamp>
<value>
<tl><x>183</x><y>60</y></tl>
<tr><x>196</x><y>60</y></tr>
<bl><x>183</x><y>111</y></bl>
<br><x>196</x><y>111</y></br>
<pan>0.000000</pan>
<confidence>1.000000</confidence>
</value>
</event>


<event type="face" id="0">
<timestamp>4920</timestamp>
<value>
<tl><x>181</x><y>60</y></tl>
<tr><x>194</x><y>60</y></tr>
<bl><x>181</x><y>111</y></bl>
<br><x>194</x><y>111</y></br>
<pan>0.000000</pan>
<confidence>1.000000</confidence>
</value>
</event>


<event type="face" id="0">
<timestamp>4960</timestamp>
<value>
<tl><x>179</x><y>59</y></tl>
<tr><x>192</x><y>59</y></tr>
<bl><x>179</x><y>110</y></bl>
<br><x>192</x><y>110</y></br>
<pan>0.000000</pan>
<confidence>1.000000</confidence>
</value>
</event>


<event type="face" id="0">
<timestamp>5000</timestamp>
<value>
<tl><x>179</x><y>58</y></tl>
<tr><x>192</x><y>58</y></tr>
<bl><x>179</x><y>109</y></bl>
<br><x>192</x><y>109</y></br>
<pan>0.000000</pan>
<confidence>1.000000</confidence>
</value>
</event>


<event type="face" id="0">
<timestamp>5040</timestamp>
<value>
<tl><x>179</x><y>57</y></tl>
<tr><x>192</x><y>57</y></tr>
<bl><x>179</x><y>108</y></bl>
<br><x>192</x><y>108</y></br>
<pan>0.000000</pan>
<confidence>1.000000</confidence>
</value>
</event>


<event type="face" id="0">
<timestamp>5080</timestamp>
<value>
<tl><x>179</x><y>56</y></tl>
<tr><x>192</x><y>56</y></tr>
<bl><x>179</x><y>107</y></bl>
<br><x>192</x><y>107</y></br>
<pan>0.000000</pan>
<confidence>1.000000</confidence>
</value>
</event>


<event type="face" id="0">
<timestamp>5120</timestamp>
<value>
<tl><x>179</x><y>56</y></tl>
<tr><x>192</x><y>56</y></tr>
<bl><x>179</x><y>107</y></bl>
<br><x>192</x><y>107</y></br>
<pan>0.000000</pan>
<confidence>1.000000</confidence>
</value>
</event>


<event type="face" id="0">
<timestamp>5160</timestamp>
<value>
<tl><x>178</x><y>55</y></tl>
<tr><x>191</x><y>55</y></tr>
<bl><x>178</x><y>106</y></bl>
<br><x>191</x><y>106</y></br>
<pan>0.000000</pan>
<confidence>1.000000</confidence>
</value>
</event>


<event type="face" id="0">
<timestamp>5200</timestamp>
<value>
<tl><x>177</x><y>55</y></tl>
<tr><x>190</x><y>55</y></tr>
<bl><x>177</x><y>106</y></bl>
<br><x>190</x><y>106</y></br>
<pan>0.000000</pan>
<confidence>1.000000</confidence>
</value>
</event>


<event type="face" id="0">
<timestamp>5240</timestamp>
<value>
<tl><x>176</x><y>56</y></tl>
<tr><x>189</x><y>56</y></tr>
<bl><x>176</x><y>107</y></bl>
<br><x>189</x><y>107</y></br>
<pan>0.000000</pan>
<confidence>1.000000</confidence>
</value>
</event>


<event type="face" id="0">
<timestamp>5280</timestamp>
<value>
<tl><x>178</x><y>54</y></tl>
<tr><x>191</x><y>54</y></tr>
<bl><x>178</x><y>105</y></bl>
<br><x>191</x><y>105</y></br>
<pan>0.000000</pan>
<confidence>1.000000</confidence>
</value>
</event>


<event type="face" id="0">
<timestamp>5320</timestamp>
<value>
<tl><x>177</x><y>53</y></tl>
<tr><x>190</x><y>53</y></tr>
<bl><x>177</x><y>104</y></bl>
<br><x>190</x><y>104</y></br>
<pan>0.000000</pan>
<confidence>1.000000</confidence>
</value>
</event>


<event type="face" id="0">
<timestamp>5360</timestamp>
<value>
<tl><x>175</x><y>53</y></tl>
<tr><x>188</x><y>53</y></tr>
<bl><x>175</x><y>104</y></bl>
<br><x>188</x><y>104</y></br>
<pan>0.000000</pan>
<confidence>1.000000</confidence>
</value>
</event>


<event type="face" id="0">
<timestamp>5400</timestamp>
<value>
<tl><x>174</x><y>51</y></tl>
<tr><x>187</x><y>51</y></tr>
<bl><x>174</x><y>102</y></bl>
<br><x>187</x><y>102</y></br>
<pan>0.000000</pan>
<confidence>1.000000</confidence>
</value>
</event>


<event type="face" id="0">
<timestamp>5440</timestamp>
<value>
<tl><x>174</x><y>50</y></tl>
<tr><x>187</x><y>50</y></tr>
<bl><x>174</x><y>101</y></bl>
<br><x>187</x><y>101</y></br>
<pan>0.000000</pan>
<confidence>1.000000</confidence>
</value>
</event>


<event type="face" id="0">
<timestamp>5480</timestamp>
<value>
<tl><x>176</x><y>47</y></tl>
<tr><x>189</x><y>47</y></tr>
<bl><x>176</x><y>98</y></bl>
<br><x>189</x><y>98</y></br>
<pan>0.000000</pan>
<confidence>1.000000</confidence>
</value>
</event>


<event type="face" id="0">
<timestamp>5520</timestamp>
<value>
<tl><x>178</x><y>46</y></tl>
<tr><x>191</x><y>46</y></tr>
<bl><x>178</x><y>97</y></bl>
<br><x>191</x><y>97</y></br>
<pan>0.000000</pan>
<confidence>1.000000</confidence>
</value>
</event>


<event type="face" id="0">
<timestamp>5560</timestamp>
<value>
<tl><x>180</x><y>44</y></tl>
<tr><x>193</x><y>44</y></tr>
<bl><x>180</x><y>95</y></bl>
<br><x>193</x><y>95</y></br>
<pan>0.000000</pan>
<confidence>1.000000</confidence>
</value>
</event>


<event type="face" id="0">
<timestamp>5600</timestamp>
<value>
<tl><x>185</x><y>44</y></tl>
<tr><x>198</x><y>44</y></tr>
<bl><x>185</x><y>95</y></bl>
<br><x>198</x><y>95</y></br>
<pan>0.000000</pan>
<confidence>1.000000</confidence>
</value>
</event>


<event type="face" id="0">
<timestamp>5640</timestamp>
<value>
<tl><x>188</x><y>45</y></tl>
<tr><x>201</x><y>45</y></tr>
<bl><x>188</x><y>96</y></bl>
<br><x>201</x><y>96</y></br>
<pan>0.000000</pan>
<confidence>1.000000</confidence>
</value>
</event>


<event type="face" id="0">
<timestamp>5680</timestamp>
<value>
<tl><x>190</x><y>47</y></tl>
<tr><x>203</x><y>47</y></tr>
<bl><x>190</x><y>98</y></bl>
<br><x>203</x><y>98</y></br>
<pan>0.000000</pan>
<confidence>1.000000</confidence>
</value>
</event>


<event type="face" id="0">
<timestamp>5720</timestamp>
<value>
<tl><x>187</x><y>49</y></tl>
<tr><x>200</x><y>49</y></tr>
<bl><x>187</x><y>100</y></bl>
<br><x>200</x><y>100</y></br>
<pan>0.000000</pan>
<confidence>1.000000</confidence>
</value>
</event>


<event type="face" id="0">
<timestamp>5760</timestamp>
<value>
<tl><x>184</x><y>50</y></tl>
<tr><x>197</x><y>50</y></tr>
<bl><x>184</x><y>101</y></bl>
<br><x>197</x><y>101</y></br>
<pan>0.000000</pan>
<confidence>1.000000</confidence>
</value>
</event>


<event type="face" id="0">
<timestamp>5800</timestamp>
<value>
<tl><x>182</x><y>52</y></tl>
<tr><x>195</x><y>52</y></tr>
<bl><x>182</x><y>103</y></bl>
<br><x>195</x><y>103</y></br>
<pan>0.000000</pan>
<confidence>1.000000</confidence>
</value>
</event>


<event type="face" id="0">
<timestamp>5840</timestamp>
<value>
<tl><x>182</x><y>51</y></tl>
<tr><x>195</x><y>51</y></tr>
<bl><x>182</x><y>102</y></bl>
<br><x>195</x><y>102</y></br>
<pan>0.000000</pan>
<confidence>1.000000</confidence>
</value>
</event>


<event type="face" id="0">
<timestamp>5880</timestamp>
<value>
<tl><x>182</x><y>51</y></tl>
<tr><x>195</x><y>51</y></tr>
<bl><x>182</x><y>102</y></bl>
<br><x>195</x><y>102</y></br>
<pan>0.000000</pan>
<confidence>1.000000</confidence>
</value>
</event>


<event type="face" id="0">
<timestamp>5920</timestamp>
<value>
<tl><x>182</x><y>51</y></tl>
<tr><x>195</x><y>51</y></tr>
<bl><x>182</x><y>102</y></bl>
<br><x>195</x><y>102</y></br>
<pan>0.000000</pan>
<confidence>1.000000</confidence>
</value>
</event>


<event type="face" id="0">
<timestamp>5960</timestamp>
<value>
<tl><x>182</x><y>53</y></tl>
<tr><x>195</x><y>53</y></tr>
<bl><x>182</x><y>104</y></bl>
<br><x>195</x><y>104</y></br>
<pan>0.000000</pan>
<confidence>1.000000</confidence>
</value>
</event>


<event type="face" id="0">
<timestamp>6000</timestamp>
<value>
<tl><x>181</x><y>54</y></tl>
<tr><x>194</x><y>54</y></tr>
<bl><x>181</x><y>105</y></bl>
<br><x>194</x><y>105</y></br>
<pan>0.000000</pan>
<confidence>1.000000</confidence>
</value>
</event>


<event type="face" id="0">
<timestamp>6040</timestamp>
<value>
<tl><x>182</x><y>54</y></tl>
<tr><x>195</x><y>54</y></tr>
<bl><x>182</x><y>105</y></bl>
<br><x>195</x><y>105</y></br>
<pan>0.000000</pan>
<confidence>1.000000</confidence>
</value>
</event>


<event type="face" id="0">
<timestamp>6080</timestamp>
<value>
<tl><x>183</x><y>56</y></tl>
<tr><x>196</x><y>56</y></tr>
<bl><x>183</x><y>107</y></bl>
<br><x>196</x><y>107</y></br>
<pan>0.000000</pan>
<confidence>1.000000</confidence>
</value>
</event>


<event type="face" id="0">
<timestamp>6120</timestamp>
<value>
<tl><x>183</x><y>57</y></tl>
<tr><x>196</x><y>57</y></tr>
<bl><x>183</x><y>108</y></bl>
<br><x>196</x><y>108</y></br>
<pan>0.000000</pan>
<confidence>1.000000</confidence>
</value>
</event>


<event type="face" id="0">
<timestamp>6160</timestamp>
<value>
<tl><x>184</x><y>61</y></tl>
<tr><x>197</x><y>61</y></tr>
<bl><x>184</x><y>112</y></bl>
<br><x>197</x><y>112</y></br>
<pan>0.000000</pan>
<confidence>1.000000</confidence>
</value>
</event>


<event type="face" id="0">
<timestamp>6200</timestamp>
<value>
<tl><x>184</x><y>65</y></tl>
<tr><x>197</x><y>65</y></tr>
<bl><x>184</x><y>116</y></bl>
<br><x>197</x><y>116</y></br>
<pan>0.000000</pan>
<confidence>1.000000</confidence>
</value>
</event>


<event type="face" id="0">
<timestamp>6240</timestamp>
<value>
<tl><x>186</x><y>66</y></tl>
<tr><x>199</x><y>66</y></tr>
<bl><x>186</x><y>117</y></bl>
<br><x>199</x><y>117</y></br>
<pan>0.000000</pan>
<confidence>1.000000</confidence>
</value>
</event>


<event type="face" id="0">
<timestamp>6280</timestamp>
<value>
<tl><x>186</x><y>66</y></tl>
<tr><x>199</x><y>66</y></tr>
<bl><x>186</x><y>117</y></bl>
<br><x>199</x><y>117</y></br>
<pan>0.000000</pan>
<confidence>1.000000</confidence>
</value>
</event>


<event type="face" id="0">
<timestamp>6320</timestamp>
<value>
<tl><x>183</x><y>65</y></tl>
<tr><x>196</x><y>65</y></tr>
<bl><x>183</x><y>116</y></bl>
<br><x>196</x><y>116</y></br>
<pan>0.000000</pan>
<confidence>1.000000</confidence>
</value>
</event>


<event type="face" id="0">
<timestamp>6360</timestamp>
<value>
<tl><x>182</x><y>64</y></tl>
<tr><x>195</x><y>64</y></tr>
<bl><x>182</x><y>115</y></bl>
<br><x>195</x><y>115</y></br>
<pan>0.000000</pan>
<confidence>1.000000</confidence>
</value>
</event>


<event type="face" id="0">
<timestamp>6400</timestamp>
<value>
<tl><x>183</x><y>65</y></tl>
<tr><x>196</x><y>65</y></tr>
<bl><x>183</x><y>116</y></bl>
<br><x>196</x><y>116</y></br>
<pan>0.000000</pan>
<confidence>1.000000</confidence>
</value>
</event>


<event type="face" id="0">
<timestamp>6440</timestamp>
<value>
<tl><x>183</x><y>68</y></tl>
<tr><x>196</x><y>68</y></tr>
<bl><x>183</x><y>119</y></bl>
<br><x>196</x><y>119</y></br>
<pan>0.000000</pan>
<confidence>1.000000</confidence>
</value>
</event>


<event type="face" id="0">
<timestamp>6480</timestamp>
<value>
<tl><x>182</x><y>69</y></tl>
<tr><x>195</x><y>69</y></tr>
<bl><x>182</x><y>120</y></bl>
<br><x>195</x><y>120</y></br>
<pan>0.000000</pan>
<confidence>1.000000</confidence>
</value>
</event>


<event type="face" id="0">
<timestamp>6520</timestamp>
<value>
<tl><x>182</x><y>68</y></tl>
<tr><x>195</x><y>68</y></tr>
<bl><x>182</x><y>119</y></bl>
<br><x>195</x><y>119</y></br>
<pan>0.000000</pan>
<confidence>1.000000</confidence>
</value>
</event>


<event type="face" id="0">
<timestamp>6560</timestamp>
<value>
<tl><x>180</x><y>69</y></tl>
<tr><x>193</x><y>69</y></tr>
<bl><x>180</x><y>120</y></bl>
<br><x>193</x><y>120</y></br>
<pan>0.000000</pan>
<confidence>1.000000</confidence>
</value>
</event>


<event type="face" id="0">
<timestamp>6600</timestamp>
<value>
<tl><x>180</x><y>71</y></tl>
<tr><x>193</x><y>71</y></tr>
<bl><x>180</x><y>122</y></bl>
<br><x>193</x><y>122</y></br>
<pan>0.000000</pan>
<confidence>1.000000</confidence>
</value>
</event>


<event type="face" id="0">
<timestamp>6640</timestamp>
<value>
<tl><x>180</x><y>73</y></tl>
<tr><x>193</x><y>73</y></tr>
<bl><x>180</x><y>124</y></bl>
<br><x>193</x><y>124</y></br>
<pan>0.000000</pan>
<confidence>1.000000</confidence>
</value>
</event>


<event type="face" id="0">
<timestamp>6680</timestamp>
<value>
<tl><x>180</x><y>74</y></tl>
<tr><x>193</x><y>74</y></tr>
<bl><x>180</x><y>125</y></bl>
<br><x>193</x><y>125</y></br>
<pan>0.000000</pan>
<confidence>1.000000</confidence>
</value>
</event>


<event type="face" id="0">
<timestamp>6720</timestamp>
<value>
<tl><x>181</x><y>76</y></tl>
<tr><x>194</x><y>76</y></tr>
<bl><x>181</x><y>127</y></bl>
<br><x>194</x><y>127</y></br>
<pan>0.000000</pan>
<confidence>1.000000</confidence>
</value>
</event>


<event type="face" id="0">
<timestamp>6760</timestamp>
<value>
<tl><x>181</x><y>77</y></tl>
<tr><x>194</x><y>77</y></tr>
<bl><x>181</x><y>128</y></bl>
<br><x>194</x><y>128</y></br>
<pan>0.000000</pan>
<confidence>1.000000</confidence>
</value>
</event>


<event type="face" id="0">
<timestamp>6800</timestamp>
<value>
<tl><x>179</x><y>76</y></tl>
<tr><x>192</x><y>76</y></tr>
<bl><x>179</x><y>127</y></bl>
<br><x>192</x><y>127</y></br>
<pan>0.000000</pan>
<confidence>1.000000</confidence>
</value>
</event>


<event type="face" id="0">
<timestamp>6840</timestamp>
<value>
<tl><x>181</x><y>79</y></tl>
<tr><x>194</x><y>79</y></tr>
<bl><x>181</x><y>130</y></bl>
<br><x>194</x><y>130</y></br>
<pan>0.000000</pan>
<confidence>1.000000</confidence>
</value>
</event>


<event type="face" id="0">
<timestamp>6880</timestamp>
<value>
<tl><x>180</x><y>80</y></tl>
<tr><x>193</x><y>80</y></tr>
<bl><x>180</x><y>131</y></bl>
<br><x>193</x><y>131</y></br>
<pan>0.000000</pan>
<confidence>1.000000</confidence>
</value>
</event>


<event type="face" id="0">
<timestamp>6920</timestamp>
<value>
<tl><x>179</x><y>80</y></tl>
<tr><x>192</x><y>80</y></tr>
<bl><x>179</x><y>131</y></bl>
<br><x>192</x><y>131</y></br>
<pan>0.000000</pan>
<confidence>1.000000</confidence>
</value>
</event>


<event type="face" id="0">
<timestamp>6960</timestamp>
<value>
<tl><x>180</x><y>80</y></tl>
<tr><x>193</x><y>80</y></tr>
<bl><x>180</x><y>131</y></bl>
<br><x>193</x><y>131</y></br>
<pan>0.000000</pan>
<confidence>1.000000</confidence>
</value>
</event>


<event type="face" id="0">
<timestamp>7000</timestamp>
<value>
<tl><x>183</x><y>81</y></tl>
<tr><x>196</x><y>81</y></tr>
<bl><x>183</x><y>132</y></bl>
<br><x>196</x><y>132</y></br>
<pan>0.000000</pan>
<confidence>1.000000</confidence>
</value>
</event>


<event type="face" id="0">
<timestamp>7040</timestamp>
<value>
<tl><x>185</x><y>81</y></tl>
<tr><x>198</x><y>81</y></tr>
<bl><x>185</x><y>132</y></bl>
<br><x>198</x><y>132</y></br>
<pan>0.000000</pan>
<confidence>1.000000</confidence>
</value>
</event>


<event type="face" id="0">
<timestamp>7080</timestamp>
<value>
<tl><x>182</x><y>82</y></tl>
<tr><x>195</x><y>82</y></tr>
<bl><x>182</x><y>133</y></bl>
<br><x>195</x><y>133</y></br>
<pan>0.000000</pan>
<confidence>1.000000</confidence>
</value>
</event>


<event type="face" id="0">
<timestamp>7120</timestamp>
<value>
<tl><x>182</x><y>79</y></tl>
<tr><x>195</x><y>79</y></tr>
<bl><x>182</x><y>130</y></bl>
<br><x>195</x><y>130</y></br>
<pan>0.000000</pan>
<confidence>1.000000</confidence>
</value>
</event>


<event type="face" id="0">
<timestamp>7160</timestamp>
<value>
<tl><x>184</x><y>80</y></tl>
<tr><x>197</x><y>80</y></tr>
<bl><x>184</x><y>131</y></bl>
<br><x>197</x><y>131</y></br>
<pan>0.000000</pan>
<confidence>1.000000</confidence>
</value>
</event>


<event type="face" id="0">
<timestamp>7200</timestamp>
<value>
<tl><x>183</x><y>80</y></tl>
<tr><x>196</x><y>80</y></tr>
<bl><x>183</x><y>131</y></bl>
<br><x>196</x><y>131</y></br>
<pan>0.000000</pan>
<confidence>1.000000</confidence>
</value>
</event>


<event type="face" id="0">
<timestamp>7240</timestamp>
<value>
<tl><x>181</x><y>80</y></tl>
<tr><x>194</x><y>80</y></tr>
<bl><x>181</x><y>131</y></bl>
<br><x>194</x><y>131</y></br>
<pan>0.000000</pan>
<confidence>1.000000</confidence>
</value>
</event>


<event type="face" id="0">
<timestamp>7280</timestamp>
<value>
<tl><x>179</x><y>79</y></tl>
<tr><x>192</x><y>79</y></tr>
<bl><x>179</x><y>130</y></bl>
<br><x>192</x><y>130</y></br>
<pan>0.000000</pan>
<confidence>1.000000</confidence>
</value>
</event>


<event type="face" id="0">
<timestamp>7320</timestamp>
<value>
<tl><x>176</x><y>80</y></tl>
<tr><x>189</x><y>80</y></tr>
<bl><x>176</x><y>131</y></bl>
<br><x>189</x><y>131</y></br>
<pan>0.000000</pan>
<confidence>1.000000</confidence>
</value>
</event>


<event type="face" id="0">
<timestamp>7360</timestamp>
<value>
<tl><x>176</x><y>79</y></tl>
<tr><x>189</x><y>79</y></tr>
<bl><x>176</x><y>130</y></bl>
<br><x>189</x><y>130</y></br>
<pan>0.000000</pan>
<confidence>1.000000</confidence>
</value>
</event>


<event type="face" id="0">
<timestamp>7400</timestamp>
<value>
<tl><x>176</x><y>81</y></tl>
<tr><x>189</x><y>81</y></tr>
<bl><x>176</x><y>132</y></bl>
<br><x>189</x><y>132</y></br>
<pan>0.000000</pan>
<confidence>1.000000</confidence>
</value>
</event>


<event type="face" id="0">
<timestamp>7440</timestamp>
<value>
<tl><x>175</x><y>81</y></tl>
<tr><x>188</x><y>81</y></tr>
<bl><x>175</x><y>132</y></bl>
<br><x>188</x><y>132</y></br>
<pan>0.000000</pan>
<confidence>1.000000</confidence>
</value>
</event>


<event type="face" id="0">
<timestamp>7480</timestamp>
<value>
<tl><x>174</x><y>82</y></tl>
<tr><x>187</x><y>82</y></tr>
<bl><x>174</x><y>133</y></bl>
<br><x>187</x><y>133</y></br>
<pan>0.000000</pan>
<confidence>1.000000</confidence>
</value>
</event>


<event type="face" id="0">
<timestamp>7520</timestamp>
<value>
<tl><x>175</x><y>82</y></tl>
<tr><x>188</x><y>82</y></tr>
<bl><x>175</x><y>133</y></bl>
<br><x>188</x><y>133</y></br>
<pan>0.000000</pan>
<confidence>1.000000</confidence>
</value>
</event>


<event type="face" id="0">
<timestamp>7560</timestamp>
<value>
<tl><x>172</x><y>82</y></tl>
<tr><x>185</x><y>82</y></tr>
<bl><x>172</x><y>133</y></bl>
<br><x>185</x><y>133</y></br>
<pan>0.000000</pan>
<confidence>1.000000</confidence>
</value>
</event>


<event type="face" id="0">
<timestamp>7600</timestamp>
<value>
<tl><x>171</x><y>83</y></tl>
<tr><x>184</x><y>83</y></tr>
<bl><x>171</x><y>134</y></bl>
<br><x>184</x><y>134</y></br>
<pan>0.000000</pan>
<confidence>1.000000</confidence>
</value>
</event>


<event type="face" id="0">
<timestamp>7640</timestamp>
<value>
<tl><x>169</x><y>85</y></tl>
<tr><x>182</x><y>85</y></tr>
<bl><x>169</x><y>136</y></bl>
<br><x>182</x><y>136</y></br>
<pan>0.000000</pan>
<confidence>1.000000</confidence>
</value>
</event>


<event type="face" id="0">
<timestamp>7680</timestamp>
<value>
<tl><x>169</x><y>85</y></tl>
<tr><x>182</x><y>85</y></tr>
<bl><x>169</x><y>136</y></bl>
<br><x>182</x><y>136</y></br>
<pan>0.000000</pan>
<confidence>1.000000</confidence>
</value>
</event>


<event type="face" id="0">
<timestamp>7720</timestamp>
<value>
<tl><x>170</x><y>84</y></tl>
<tr><x>183</x><y>84</y></tr>
<bl><x>170</x><y>135</y></bl>
<br><x>183</x><y>135</y></br>
<pan>0.000000</pan>
<confidence>1.000000</confidence>
</value>
</event>


<event type="face" id="0">
<timestamp>7760</timestamp>
<value>
<tl><x>167</x><y>84</y></tl>
<tr><x>180</x><y>84</y></tr>
<bl><x>167</x><y>135</y></bl>
<br><x>180</x><y>135</y></br>
<pan>0.000000</pan>
<confidence>1.000000</confidence>
</value>
</event>


<event type="face" id="0">
<timestamp>7800</timestamp>
<value>
<tl><x>167</x><y>84</y></tl>
<tr><x>180</x><y>84</y></tr>
<bl><x>167</x><y>135</y></bl>
<br><x>180</x><y>135</y></br>
<pan>0.000000</pan>
<confidence>1.000000</confidence>
</value>
</event>


<event type="face" id="0">
<timestamp>7840</timestamp>
<value>
<tl><x>167</x><y>84</y></tl>
<tr><x>180</x><y>84</y></tr>
<bl><x>167</x><y>135</y></bl>
<br><x>180</x><y>135</y></br>
<pan>0.000000</pan>
<confidence>1.000000</confidence>
</value>
</event>


<event type="face" id="0">
<timestamp>7880</timestamp>
<value>
<tl><x>166</x><y>84</y></tl>
<tr><x>179</x><y>84</y></tr>
<bl><x>166</x><y>135</y></bl>
<br><x>179</x><y>135</y></br>
<pan>0.000000</pan>
<confidence>1.000000</confidence>
</value>
</event>


<event type="face" id="0">
<timestamp>7920</timestamp>
<value>
<tl><x>164</x><y>83</y></tl>
<tr><x>177</x><y>83</y></tr>
<bl><x>164</x><y>134</y></bl>
<br><x>177</x><y>134</y></br>
<pan>0.000000</pan>
<confidence>1.000000</confidence>
</value>
</event>


<event type="face" id="0">
<timestamp>7960</timestamp>
<value>
<tl><x>164</x><y>82</y></tl>
<tr><x>177</x><y>82</y></tr>
<bl><x>164</x><y>133</y></bl>
<br><x>177</x><y>133</y></br>
<pan>0.000000</pan>
<confidence>1.000000</confidence>
</value>
</event>


<event type="face" id="0">
<timestamp>8000</timestamp>
<value>
<tl><x>164</x><y>80</y></tl>
<tr><x>177</x><y>80</y></tr>
<bl><x>164</x><y>131</y></bl>
<br><x>177</x><y>131</y></br>
<pan>0.000000</pan>
<confidence>1.000000</confidence>
</value>
</event>


<event type="face" id="0">
<timestamp>8040</timestamp>
<value>
<tl><x>164</x><y>80</y></tl>
<tr><x>177</x><y>80</y></tr>
<bl><x>164</x><y>131</y></bl>
<br><x>177</x><y>131</y></br>
<pan>0.000000</pan>
<confidence>1.000000</confidence>
</value>
</event>


<event type="face" id="0">
<timestamp>8080</timestamp>
<value>
<tl><x>164</x><y>78</y></tl>
<tr><x>177</x><y>78</y></tr>
<bl><x>164</x><y>129</y></bl>
<br><x>177</x><y>129</y></br>
<pan>0.000000</pan>
<confidence>1.000000</confidence>
</value>
</event>


<event type="face" id="0">
<timestamp>8120</timestamp>
<value>
<tl><x>164</x><y>78</y></tl>
<tr><x>177</x><y>78</y></tr>
<bl><x>164</x><y>129</y></bl>
<br><x>177</x><y>129</y></br>
<pan>0.000000</pan>
<confidence>1.000000</confidence>
</value>
</event>


<event type="face" id="0">
<timestamp>8160</timestamp>
<value>
<tl><x>164</x><y>78</y></tl>
<tr><x>177</x><y>78</y></tr>
<bl><x>164</x><y>129</y></bl>
<br><x>177</x><y>129</y></br>
<pan>0.000000</pan>
<confidence>1.000000</confidence>
</value>
</event>


<event type="face" id="0">
<timestamp>8200</timestamp>
<value>
<tl><x>163</x><y>78</y></tl>
<tr><x>176</x><y>78</y></tr>
<bl><x>163</x><y>129</y></bl>
<br><x>176</x><y>129</y></br>
<pan>0.000000</pan>
<confidence>1.000000</confidence>
</value>
</event>


<event type="face" id="0">
<timestamp>8240</timestamp>
<value>
<tl><x>163</x><y>77</y></tl>
<tr><x>176</x><y>77</y></tr>
<bl><x>163</x><y>128</y></bl>
<br><x>176</x><y>128</y></br>
<pan>0.000000</pan>
<confidence>1.000000</confidence>
</value>
</event>


<event type="face" id="0">
<timestamp>8280</timestamp>
<value>
<tl><x>162</x><y>76</y></tl>
<tr><x>175</x><y>76</y></tr>
<bl><x>162</x><y>127</y></bl>
<br><x>175</x><y>127</y></br>
<pan>0.000000</pan>
<confidence>1.000000</confidence>
</value>
</event>


<event type="face" id="0">
<timestamp>8320</timestamp>
<value>
<tl><x>165</x><y>76</y></tl>
<tr><x>178</x><y>76</y></tr>
<bl><x>165</x><y>127</y></bl>
<br><x>178</x><y>127</y></br>
<pan>0.000000</pan>
<confidence>1.000000</confidence>
</value>
</event>


<event type="face" id="0">
<timestamp>8360</timestamp>
<value>
<tl><x>167</x><y>76</y></tl>
<tr><x>180</x><y>76</y></tr>
<bl><x>167</x><y>127</y></bl>
<br><x>180</x><y>127</y></br>
<pan>0.000000</pan>
<confidence>1.000000</confidence>
</value>
</event>


<event type="face" id="0">
<timestamp>8400</timestamp>
<value>
<tl><x>170</x><y>76</y></tl>
<tr><x>183</x><y>76</y></tr>
<bl><x>170</x><y>127</y></bl>
<br><x>183</x><y>127</y></br>
<pan>0.000000</pan>
<confidence>1.000000</confidence>
</value>
</event>


<event type="face" id="0">
<timestamp>8440</timestamp>
<value>
<tl><x>170</x><y>76</y></tl>
<tr><x>183</x><y>76</y></tr>
<bl><x>170</x><y>127</y></bl>
<br><x>183</x><y>127</y></br>
<pan>0.000000</pan>
<confidence>1.000000</confidence>
</value>
</event>


<event type="face" id="0">
<timestamp>8480</timestamp>
<value>
<tl><x>170</x><y>76</y></tl>
<tr><x>183</x><y>76</y></tr>
<bl><x>170</x><y>127</y></bl>
<br><x>183</x><y>127</y></br>
<pan>0.000000</pan>
<confidence>1.000000</confidence>
</value>
</event>


<event type="face" id="0">
<timestamp>8520</timestamp>
<value>
<tl><x>171</x><y>77</y></tl>
<tr><x>184</x><y>77</y></tr>
<bl><x>171</x><y>128</y></bl>
<br><x>184</x><y>128</y></br>
<pan>0.000000</pan>
<confidence>1.000000</confidence>
</value>
</event>


<event type="face" id="0">
<timestamp>8560</timestamp>
<value>
<tl><x>172</x><y>77</y></tl>
<tr><x>185</x><y>77</y></tr>
<bl><x>172</x><y>128</y></bl>
<br><x>185</x><y>128</y></br>
<pan>0.000000</pan>
<confidence>1.000000</confidence>
</value>
</event>


<event type="face" id="0">
<timestamp>8600</timestamp>
<value>
<tl><x>173</x><y>78</y></tl>
<tr><x>186</x><y>78</y></tr>
<bl><x>173</x><y>129</y></bl>
<br><x>186</x><y>129</y></br>
<pan>0.000000</pan>
<confidence>1.000000</confidence>
</value>
</event>


<event type="face" id="0">
<timestamp>8640</timestamp>
<value>
<tl><x>173</x><y>78</y></tl>
<tr><x>186</x><y>78</y></tr>
<bl><x>173</x><y>129</y></bl>
<br><x>186</x><y>129</y></br>
<pan>0.000000</pan>
<confidence>1.000000</confidence>
</value>
</event>


<event type="face" id="0">
<timestamp>8680</timestamp>
<value>
<tl><x>172</x><y>79</y></tl>
<tr><x>185</x><y>79</y></tr>
<bl><x>172</x><y>130</y></bl>
<br><x>185</x><y>130</y></br>
<pan>0.000000</pan>
<confidence>1.000000</confidence>
</value>
</event>


<event type="face" id="0">
<timestamp>8720</timestamp>
<value>
<tl><x>174</x><y>82</y></tl>
<tr><x>187</x><y>82</y></tr>
<bl><x>174</x><y>133</y></bl>
<br><x>187</x><y>133</y></br>
<pan>0.000000</pan>
<confidence>1.000000</confidence>
</value>
</event>


<event type="face" id="0">
<timestamp>8760</timestamp>
<value>
<tl><x>174</x><y>80</y></tl>
<tr><x>187</x><y>80</y></tr>
<bl><x>174</x><y>131</y></bl>
<br><x>187</x><y>131</y></br>
<pan>0.000000</pan>
<confidence>1.000000</confidence>
</value>
</event>


<event type="face" id="0">
<timestamp>8800</timestamp>
<value>
<tl><x>175</x><y>83</y></tl>
<tr><x>188</x><y>83</y></tr>
<bl><x>175</x><y>134</y></bl>
<br><x>188</x><y>134</y></br>
<pan>0.000000</pan>
<confidence>1.000000</confidence>
</value>
</event>


<event type="face" id="0">
<timestamp>8840</timestamp>
<value>
<tl><x>178</x><y>85</y></tl>
<tr><x>191</x><y>85</y></tr>
<bl><x>178</x><y>136</y></bl>
<br><x>191</x><y>136</y></br>
<pan>0.000000</pan>
<confidence>1.000000</confidence>
</value>
</event>


<event type="face" id="0">
<timestamp>8880</timestamp>
<value>
<tl><x>180</x><y>87</y></tl>
<tr><x>193</x><y>87</y></tr>
<bl><x>180</x><y>138</y></bl>
<br><x>193</x><y>138</y></br>
<pan>0.000000</pan>
<confidence>1.000000</confidence>
</value>
</event>


<event type="face" id="0">
<timestamp>8920</timestamp>
<value>
<tl><x>182</x><y>86</y></tl>
<tr><x>195</x><y>86</y></tr>
<bl><x>182</x><y>137</y></bl>
<br><x>195</x><y>137</y></br>
<pan>0.000000</pan>
<confidence>1.000000</confidence>
</value>
</event>


<event type="face" id="0">
<timestamp>8960</timestamp>
<value>
<tl><x>184</x><y>88</y></tl>
<tr><x>197</x><y>88</y></tr>
<bl><x>184</x><y>139</y></bl>
<br><x>197</x><y>139</y></br>
<pan>0.000000</pan>
<confidence>1.000000</confidence>
</value>
</event>


<event type="face" id="0">
<timestamp>9000</timestamp>
<value>
<tl><x>186</x><y>89</y></tl>
<tr><x>199</x><y>89</y></tr>
<bl><x>186</x><y>140</y></bl>
<br><x>199</x><y>140</y></br>
<pan>0.000000</pan>
<confidence>1.000000</confidence>
</value>
</event>


<event type="face" id="0">
<timestamp>9040</timestamp>
<value>
<tl><x>186</x><y>87</y></tl>
<tr><x>199</x><y>87</y></tr>
<bl><x>186</x><y>138</y></bl>
<br><x>199</x><y>138</y></br>
<pan>0.000000</pan>
<confidence>1.000000</confidence>
</value>
</event>


<event type="face" id="0">
<timestamp>9080</timestamp>
<value>
<tl><x>186</x><y>87</y></tl>
<tr><x>199</x><y>87</y></tr>
<bl><x>186</x><y>138</y></bl>
<br><x>199</x><y>138</y></br>
<pan>0.000000</pan>
<confidence>1.000000</confidence>
</value>
</event>






</analysisresult>
