<?xml version="1.0" encoding="UTF-8"?>
<!DOCTYPE analysisresult SYSTEM "analysisresult_v0_1.dtd">
<analysisresult>
<skip_frames>0</skip_frames>


<event type="face" id="0">
<timestamp>333</timestamp>
<value>
<tl><x>5</x><y>80</y></tl>
<tr><x>14</x><y>80</y></tr>
<bl><x>5</x><y>99</y></bl>
<br><x>14</x><y>99</y></br>
<pan>0.000000</pan>
<confidence>1.000000</confidence>
</value>
</event>


<event type="face" id="0">
<timestamp>366</timestamp>
<value>
<tl><x>6</x><y>81</y></tl>
<tr><x>15</x><y>81</y></tr>
<bl><x>6</x><y>100</y></bl>
<br><x>15</x><y>100</y></br>
<pan>0.000000</pan>
<confidence>1.000000</confidence>
</value>
</event>


<event type="face" id="0">
<timestamp>400</timestamp>
<value>
<tl><x>6</x><y>77</y></tl>
<tr><x>15</x><y>77</y></tr>
<bl><x>6</x><y>96</y></bl>
<br><x>15</x><y>96</y></br>
<pan>0.000000</pan>
<confidence>1.000000</confidence>
</value>
</event>


<event type="face" id="0">
<timestamp>433</timestamp>
<value>
<tl><x>7</x><y>81</y></tl>
<tr><x>16</x><y>81</y></tr>
<bl><x>7</x><y>100</y></bl>
<br><x>16</x><y>100</y></br>
<pan>0.000000</pan>
<confidence>1.000000</confidence>
</value>
</event>


<event type="face" id="0">
<timestamp>466</timestamp>
<value>
<tl><x>8</x><y>80</y></tl>
<tr><x>17</x><y>80</y></tr>
<bl><x>8</x><y>99</y></bl>
<br><x>17</x><y>99</y></br>
<pan>0.000000</pan>
<confidence>1.000000</confidence>
</value>
</event>


<event type="face" id="0">
<timestamp>500</timestamp>
<value>
<tl><x>8</x><y>78</y></tl>
<tr><x>17</x><y>78</y></tr>
<bl><x>8</x><y>97</y></bl>
<br><x>17</x><y>97</y></br>
<pan>0.000000</pan>
<confidence>1.000000</confidence>
</value>
</event>


<event type="face" id="0">
<timestamp>533</timestamp>
<value>
<tl><x>8</x><y>79</y></tl>
<tr><x>17</x><y>79</y></tr>
<bl><x>8</x><y>98</y></bl>
<br><x>17</x><y>98</y></br>
<pan>0.000000</pan>
<confidence>1.000000</confidence>
</value>
</event>


<event type="face" id="0">
<timestamp>566</timestamp>
<value>
<tl><x>10</x><y>82</y></tl>
<tr><x>19</x><y>82</y></tr>
<bl><x>10</x><y>101</y></bl>
<br><x>19</x><y>101</y></br>
<pan>0.000000</pan>
<confidence>1.000000</confidence>
</value>
</event>


<event type="face" id="0">
<timestamp>600</timestamp>
<value>
<tl><x>9</x><y>80</y></tl>
<tr><x>18</x><y>80</y></tr>
<bl><x>9</x><y>99</y></bl>
<br><x>18</x><y>99</y></br>
<pan>0.000000</pan>
<confidence>1.000000</confidence>
</value>
</event>


<event type="face" id="0">
<timestamp>633</timestamp>
<value>
<tl><x>10</x><y>81</y></tl>
<tr><x>19</x><y>81</y></tr>
<bl><x>10</x><y>100</y></bl>
<br><x>19</x><y>100</y></br>
<pan>0.000000</pan>
<confidence>1.000000</confidence>
</value>
</event>


<event type="face" id="0">
<timestamp>666</timestamp>
<value>
<tl><x>10</x><y>79</y></tl>
<tr><x>19</x><y>79</y></tr>
<bl><x>10</x><y>98</y></bl>
<br><x>19</x><y>98</y></br>
<pan>0.000000</pan>
<confidence>1.000000</confidence>
</value>
</event>


<event type="face" id="0">
<timestamp>700</timestamp>
<value>
<tl><x>11</x><y>79</y></tl>
<tr><x>20</x><y>79</y></tr>
<bl><x>11</x><y>98</y></bl>
<br><x>20</x><y>98</y></br>
<pan>0.000000</pan>
<confidence>1.000000</confidence>
</value>
</event>


<event type="face" id="0">
<timestamp>733</timestamp>
<value>
<tl><x>12</x><y>79</y></tl>
<tr><x>21</x><y>79</y></tr>
<bl><x>12</x><y>98</y></bl>
<br><x>21</x><y>98</y></br>
<pan>0.000000</pan>
<confidence>1.000000</confidence>
</value>
</event>


<event type="face" id="0">
<timestamp>766</timestamp>
<value>
<tl><x>13</x><y>79</y></tl>
<tr><x>22</x><y>79</y></tr>
<bl><x>13</x><y>98</y></bl>
<br><x>22</x><y>98</y></br>
<pan>0.000000</pan>
<confidence>1.000000</confidence>
</value>
</event>


<event type="face" id="0">
<timestamp>800</timestamp>
<value>
<tl><x>13</x><y>79</y></tl>
<tr><x>22</x><y>79</y></tr>
<bl><x>13</x><y>98</y></bl>
<br><x>22</x><y>98</y></br>
<pan>0.000000</pan>
<confidence>1.000000</confidence>
</value>
</event>


<event type="face" id="0">
<timestamp>833</timestamp>
<value>
<tl><x>14</x><y>79</y></tl>
<tr><x>23</x><y>79</y></tr>
<bl><x>14</x><y>98</y></bl>
<br><x>23</x><y>98</y></br>
<pan>0.000000</pan>
<confidence>1.000000</confidence>
</value>
</event>


<event type="face" id="0">
<timestamp>866</timestamp>
<value>
<tl><x>15</x><y>80</y></tl>
<tr><x>24</x><y>80</y></tr>
<bl><x>15</x><y>99</y></bl>
<br><x>24</x><y>99</y></br>
<pan>0.000000</pan>
<confidence>1.000000</confidence>
</value>
</event>


<event type="face" id="0">
<timestamp>900</timestamp>
<value>
<tl><x>15</x><y>80</y></tl>
<tr><x>24</x><y>80</y></tr>
<bl><x>15</x><y>99</y></bl>
<br><x>24</x><y>99</y></br>
<pan>0.000000</pan>
<confidence>1.000000</confidence>
</value>
</event>


<event type="face" id="0">
<timestamp>933</timestamp>
<value>
<tl><x>17</x><y>79</y></tl>
<tr><x>26</x><y>79</y></tr>
<bl><x>17</x><y>98</y></bl>
<br><x>26</x><y>98</y></br>
<pan>0.000000</pan>
<confidence>1.000000</confidence>
</value>
</event>


<event type="face" id="0">
<timestamp>966</timestamp>
<value>
<tl><x>17</x><y>79</y></tl>
<tr><x>26</x><y>79</y></tr>
<bl><x>17</x><y>98</y></bl>
<br><x>26</x><y>98</y></br>
<pan>0.000000</pan>
<confidence>1.000000</confidence>
</value>
</event>


<event type="face" id="0">
<timestamp>1000</timestamp>
<value>
<tl><x>18</x><y>79</y></tl>
<tr><x>27</x><y>79</y></tr>
<bl><x>18</x><y>98</y></bl>
<br><x>27</x><y>98</y></br>
<pan>0.000000</pan>
<confidence>1.000000</confidence>
</value>
</event>


<event type="face" id="0">
<timestamp>1033</timestamp>
<value>
<tl><x>19</x><y>80</y></tl>
<tr><x>28</x><y>80</y></tr>
<bl><x>19</x><y>99</y></bl>
<br><x>28</x><y>99</y></br>
<pan>0.000000</pan>
<confidence>1.000000</confidence>
</value>
</event>


<event type="face" id="0">
<timestamp>1066</timestamp>
<value>
<tl><x>19</x><y>80</y></tl>
<tr><x>28</x><y>80</y></tr>
<bl><x>19</x><y>99</y></bl>
<br><x>28</x><y>99</y></br>
<pan>0.000000</pan>
<confidence>1.000000</confidence>
</value>
</event>


<event type="face" id="0">
<timestamp>1100</timestamp>
<value>
<tl><x>21</x><y>79</y></tl>
<tr><x>30</x><y>79</y></tr>
<bl><x>21</x><y>98</y></bl>
<br><x>30</x><y>98</y></br>
<pan>0.000000</pan>
<confidence>1.000000</confidence>
</value>
</event>


<event type="face" id="0">
<timestamp>1133</timestamp>
<value>
<tl><x>21</x><y>80</y></tl>
<tr><x>30</x><y>80</y></tr>
<bl><x>21</x><y>99</y></bl>
<br><x>30</x><y>99</y></br>
<pan>0.000000</pan>
<confidence>1.000000</confidence>
</value>
</event>


<event type="face" id="0">
<timestamp>1166</timestamp>
<value>
<tl><x>21</x><y>81</y></tl>
<tr><x>30</x><y>81</y></tr>
<bl><x>21</x><y>100</y></bl>
<br><x>30</x><y>100</y></br>
<pan>0.000000</pan>
<confidence>1.000000</confidence>
</value>
</event>


<event type="face" id="0">
<timestamp>1200</timestamp>
<value>
<tl><x>22</x><y>80</y></tl>
<tr><x>31</x><y>80</y></tr>
<bl><x>22</x><y>99</y></bl>
<br><x>31</x><y>99</y></br>
<pan>0.000000</pan>
<confidence>1.000000</confidence>
</value>
</event>


<event type="face" id="0">
<timestamp>1233</timestamp>
<value>
<tl><x>22</x><y>80</y></tl>
<tr><x>31</x><y>80</y></tr>
<bl><x>22</x><y>99</y></bl>
<br><x>31</x><y>99</y></br>
<pan>0.000000</pan>
<confidence>1.000000</confidence>
</value>
</event>


<event type="face" id="0">
<timestamp>1266</timestamp>
<value>
<tl><x>23</x><y>81</y></tl>
<tr><x>32</x><y>81</y></tr>
<bl><x>23</x><y>100</y></bl>
<br><x>32</x><y>100</y></br>
<pan>0.000000</pan>
<confidence>1.000000</confidence>
</value>
</event>


<event type="face" id="0">
<timestamp>1300</timestamp>
<value>
<tl><x>23</x><y>81</y></tl>
<tr><x>32</x><y>81</y></tr>
<bl><x>23</x><y>100</y></bl>
<br><x>32</x><y>100</y></br>
<pan>0.000000</pan>
<confidence>1.000000</confidence>
</value>
</event>


<event type="face" id="0">
<timestamp>1333</timestamp>
<value>
<tl><x>24</x><y>81</y></tl>
<tr><x>33</x><y>81</y></tr>
<bl><x>24</x><y>100</y></bl>
<br><x>33</x><y>100</y></br>
<pan>0.000000</pan>
<confidence>1.000000</confidence>
</value>
</event>


<event type="face" id="0">
<timestamp>1366</timestamp>
<value>
<tl><x>26</x><y>79</y></tl>
<tr><x>35</x><y>79</y></tr>
<bl><x>26</x><y>98</y></bl>
<br><x>35</x><y>98</y></br>
<pan>0.000000</pan>
<confidence>1.000000</confidence>
</value>
</event>


<event type="face" id="0">
<timestamp>1400</timestamp>
<value>
<tl><x>27</x><y>79</y></tl>
<tr><x>36</x><y>79</y></tr>
<bl><x>27</x><y>98</y></bl>
<br><x>36</x><y>98</y></br>
<pan>0.000000</pan>
<confidence>1.000000</confidence>
</value>
</event>


<event type="face" id="0">
<timestamp>1433</timestamp>
<value>
<tl><x>27</x><y>80</y></tl>
<tr><x>36</x><y>80</y></tr>
<bl><x>27</x><y>99</y></bl>
<br><x>36</x><y>99</y></br>
<pan>0.000000</pan>
<confidence>1.000000</confidence>
</value>
</event>


<event type="face" id="0">
<timestamp>1466</timestamp>
<value>
<tl><x>27</x><y>80</y></tl>
<tr><x>36</x><y>80</y></tr>
<bl><x>27</x><y>99</y></bl>
<br><x>36</x><y>99</y></br>
<pan>0.000000</pan>
<confidence>1.000000</confidence>
</value>
</event>


<event type="face" id="0">
<timestamp>1500</timestamp>
<value>
<tl><x>27</x><y>80</y></tl>
<tr><x>36</x><y>80</y></tr>
<bl><x>27</x><y>99</y></bl>
<br><x>36</x><y>99</y></br>
<pan>0.000000</pan>
<confidence>1.000000</confidence>
</value>
</event>


<event type="face" id="0">
<timestamp>1533</timestamp>
<value>
<tl><x>29</x><y>80</y></tl>
<tr><x>38</x><y>80</y></tr>
<bl><x>29</x><y>99</y></bl>
<br><x>38</x><y>99</y></br>
<pan>0.000000</pan>
<confidence>1.000000</confidence>
</value>
</event>


<event type="face" id="0">
<timestamp>1566</timestamp>
<value>
<tl><x>29</x><y>80</y></tl>
<tr><x>38</x><y>80</y></tr>
<bl><x>29</x><y>99</y></bl>
<br><x>38</x><y>99</y></br>
<pan>0.000000</pan>
<confidence>1.000000</confidence>
</value>
</event>


<event type="face" id="0">
<timestamp>1600</timestamp>
<value>
<tl><x>31</x><y>80</y></tl>
<tr><x>40</x><y>80</y></tr>
<bl><x>31</x><y>99</y></bl>
<br><x>40</x><y>99</y></br>
<pan>0.000000</pan>
<confidence>1.000000</confidence>
</value>
</event>


<event type="face" id="0">
<timestamp>1633</timestamp>
<value>
<tl><x>30</x><y>80</y></tl>
<tr><x>39</x><y>80</y></tr>
<bl><x>30</x><y>99</y></bl>
<br><x>39</x><y>99</y></br>
<pan>0.000000</pan>
<confidence>1.000000</confidence>
</value>
</event>


<event type="face" id="0">
<timestamp>1666</timestamp>
<value>
<tl><x>30</x><y>80</y></tl>
<tr><x>39</x><y>80</y></tr>
<bl><x>30</x><y>99</y></bl>
<br><x>39</x><y>99</y></br>
<pan>0.000000</pan>
<confidence>1.000000</confidence>
</value>
</event>


<event type="face" id="0">
<timestamp>1700</timestamp>
<value>
<tl><x>31</x><y>80</y></tl>
<tr><x>40</x><y>80</y></tr>
<bl><x>31</x><y>99</y></bl>
<br><x>40</x><y>99</y></br>
<pan>0.000000</pan>
<confidence>1.000000</confidence>
</value>
</event>


<event type="face" id="0">
<timestamp>1733</timestamp>
<value>
<tl><x>32</x><y>80</y></tl>
<tr><x>41</x><y>80</y></tr>
<bl><x>32</x><y>99</y></bl>
<br><x>41</x><y>99</y></br>
<pan>0.000000</pan>
<confidence>1.000000</confidence>
</value>
</event>


<event type="face" id="0">
<timestamp>1766</timestamp>
<value>
<tl><x>32</x><y>80</y></tl>
<tr><x>41</x><y>80</y></tr>
<bl><x>32</x><y>99</y></bl>
<br><x>41</x><y>99</y></br>
<pan>0.000000</pan>
<confidence>1.000000</confidence>
</value>
</event>


<event type="face" id="0">
<timestamp>1800</timestamp>
<value>
<tl><x>34</x><y>80</y></tl>
<tr><x>43</x><y>80</y></tr>
<bl><x>34</x><y>99</y></bl>
<br><x>43</x><y>99</y></br>
<pan>0.000000</pan>
<confidence>1.000000</confidence>
</value>
</event>


<event type="face" id="0">
<timestamp>1833</timestamp>
<value>
<tl><x>34</x><y>80</y></tl>
<tr><x>43</x><y>80</y></tr>
<bl><x>34</x><y>99</y></bl>
<br><x>43</x><y>99</y></br>
<pan>0.000000</pan>
<confidence>1.000000</confidence>
</value>
</event>


<event type="face" id="0">
<timestamp>1866</timestamp>
<value>
<tl><x>34</x><y>80</y></tl>
<tr><x>43</x><y>80</y></tr>
<bl><x>34</x><y>99</y></bl>
<br><x>43</x><y>99</y></br>
<pan>0.000000</pan>
<confidence>1.000000</confidence>
</value>
</event>


<event type="face" id="0">
<timestamp>1900</timestamp>
<value>
<tl><x>34</x><y>80</y></tl>
<tr><x>43</x><y>80</y></tr>
<bl><x>34</x><y>99</y></bl>
<br><x>43</x><y>99</y></br>
<pan>0.000000</pan>
<confidence>1.000000</confidence>
</value>
</event>


<event type="face" id="0">
<timestamp>1933</timestamp>
<value>
<tl><x>34</x><y>80</y></tl>
<tr><x>43</x><y>80</y></tr>
<bl><x>34</x><y>99</y></bl>
<br><x>43</x><y>99</y></br>
<pan>0.000000</pan>
<confidence>1.000000</confidence>
</value>
</event>


<event type="face" id="0">
<timestamp>1966</timestamp>
<value>
<tl><x>35</x><y>80</y></tl>
<tr><x>44</x><y>80</y></tr>
<bl><x>35</x><y>99</y></bl>
<br><x>44</x><y>99</y></br>
<pan>0.000000</pan>
<confidence>1.000000</confidence>
</value>
</event>


<event type="face" id="0">
<timestamp>2000</timestamp>
<value>
<tl><x>36</x><y>79</y></tl>
<tr><x>45</x><y>79</y></tr>
<bl><x>36</x><y>98</y></bl>
<br><x>45</x><y>98</y></br>
<pan>0.000000</pan>
<confidence>1.000000</confidence>
</value>
</event>


<event type="face" id="0">
<timestamp>2033</timestamp>
<value>
<tl><x>36</x><y>80</y></tl>
<tr><x>45</x><y>80</y></tr>
<bl><x>36</x><y>99</y></bl>
<br><x>45</x><y>99</y></br>
<pan>0.000000</pan>
<confidence>1.000000</confidence>
</value>
</event>


<event type="face" id="0">
<timestamp>2066</timestamp>
<value>
<tl><x>37</x><y>80</y></tl>
<tr><x>46</x><y>80</y></tr>
<bl><x>37</x><y>99</y></bl>
<br><x>46</x><y>99</y></br>
<pan>0.000000</pan>
<confidence>1.000000</confidence>
</value>
</event>


<event type="face" id="0">
<timestamp>2100</timestamp>
<value>
<tl><x>38</x><y>80</y></tl>
<tr><x>47</x><y>80</y></tr>
<bl><x>38</x><y>99</y></bl>
<br><x>47</x><y>99</y></br>
<pan>0.000000</pan>
<confidence>1.000000</confidence>
</value>
</event>


<event type="face" id="0">
<timestamp>2133</timestamp>
<value>
<tl><x>38</x><y>80</y></tl>
<tr><x>47</x><y>80</y></tr>
<bl><x>38</x><y>99</y></bl>
<br><x>47</x><y>99</y></br>
<pan>0.000000</pan>
<confidence>1.000000</confidence>
</value>
</event>


<event type="face" id="0">
<timestamp>2166</timestamp>
<value>
<tl><x>39</x><y>79</y></tl>
<tr><x>48</x><y>79</y></tr>
<bl><x>39</x><y>98</y></bl>
<br><x>48</x><y>98</y></br>
<pan>0.000000</pan>
<confidence>1.000000</confidence>
</value>
</event>


<event type="face" id="0">
<timestamp>2200</timestamp>
<value>
<tl><x>40</x><y>80</y></tl>
<tr><x>49</x><y>80</y></tr>
<bl><x>40</x><y>99</y></bl>
<br><x>49</x><y>99</y></br>
<pan>0.000000</pan>
<confidence>1.000000</confidence>
</value>
</event>


<event type="face" id="0">
<timestamp>2233</timestamp>
<value>
<tl><x>40</x><y>79</y></tl>
<tr><x>49</x><y>79</y></tr>
<bl><x>40</x><y>98</y></bl>
<br><x>49</x><y>98</y></br>
<pan>0.000000</pan>
<confidence>1.000000</confidence>
</value>
</event>


<event type="face" id="0">
<timestamp>2266</timestamp>
<value>
<tl><x>39</x><y>77</y></tl>
<tr><x>48</x><y>77</y></tr>
<bl><x>39</x><y>96</y></bl>
<br><x>48</x><y>96</y></br>
<pan>0.000000</pan>
<confidence>1.000000</confidence>
</value>
</event>


<event type="face" id="0">
<timestamp>2300</timestamp>
<value>
<tl><x>38</x><y>76</y></tl>
<tr><x>47</x><y>76</y></tr>
<bl><x>38</x><y>95</y></bl>
<br><x>47</x><y>95</y></br>
<pan>0.000000</pan>
<confidence>1.000000</confidence>
</value>
</event>


<event type="face" id="0">
<timestamp>2333</timestamp>
<value>
<tl><x>38</x><y>76</y></tl>
<tr><x>47</x><y>76</y></tr>
<bl><x>38</x><y>95</y></bl>
<br><x>47</x><y>95</y></br>
<pan>0.000000</pan>
<confidence>1.000000</confidence>
</value>
</event>


<event type="face" id="0">
<timestamp>2366</timestamp>
<value>
<tl><x>37</x><y>76</y></tl>
<tr><x>46</x><y>76</y></tr>
<bl><x>37</x><y>95</y></bl>
<br><x>46</x><y>95</y></br>
<pan>0.000000</pan>
<confidence>1.000000</confidence>
</value>
</event>


<event type="face" id="0">
<timestamp>2400</timestamp>
<value>
<tl><x>36</x><y>76</y></tl>
<tr><x>45</x><y>76</y></tr>
<bl><x>36</x><y>95</y></bl>
<br><x>45</x><y>95</y></br>
<pan>0.000000</pan>
<confidence>1.000000</confidence>
</value>
</event>


<event type="face" id="0">
<timestamp>2433</timestamp>
<value>
<tl><x>35</x><y>76</y></tl>
<tr><x>44</x><y>76</y></tr>
<bl><x>35</x><y>95</y></bl>
<br><x>44</x><y>95</y></br>
<pan>0.000000</pan>
<confidence>1.000000</confidence>
</value>
</event>


<event type="face" id="0">
<timestamp>2466</timestamp>
<value>
<tl><x>34</x><y>76</y></tl>
<tr><x>43</x><y>76</y></tr>
<bl><x>34</x><y>95</y></bl>
<br><x>43</x><y>95</y></br>
<pan>0.000000</pan>
<confidence>1.000000</confidence>
</value>
</event>


<event type="face" id="0">
<timestamp>2500</timestamp>
<value>
<tl><x>33</x><y>76</y></tl>
<tr><x>42</x><y>76</y></tr>
<bl><x>33</x><y>95</y></bl>
<br><x>42</x><y>95</y></br>
<pan>0.000000</pan>
<confidence>1.000000</confidence>
</value>
</event>


<event type="face" id="0">
<timestamp>2533</timestamp>
<value>
<tl><x>33</x><y>76</y></tl>
<tr><x>42</x><y>76</y></tr>
<bl><x>33</x><y>95</y></bl>
<br><x>42</x><y>95</y></br>
<pan>0.000000</pan>
<confidence>1.000000</confidence>
</value>
</event>


<event type="face" id="0">
<timestamp>2566</timestamp>
<value>
<tl><x>32</x><y>76</y></tl>
<tr><x>41</x><y>76</y></tr>
<bl><x>32</x><y>95</y></bl>
<br><x>41</x><y>95</y></br>
<pan>0.000000</pan>
<confidence>1.000000</confidence>
</value>
</event>


<event type="face" id="0">
<timestamp>2600</timestamp>
<value>
<tl><x>30</x><y>76</y></tl>
<tr><x>39</x><y>76</y></tr>
<bl><x>30</x><y>95</y></bl>
<br><x>39</x><y>95</y></br>
<pan>0.000000</pan>
<confidence>1.000000</confidence>
</value>
</event>


<event type="face" id="0">
<timestamp>2633</timestamp>
<value>
<tl><x>29</x><y>76</y></tl>
<tr><x>38</x><y>76</y></tr>
<bl><x>29</x><y>95</y></bl>
<br><x>38</x><y>95</y></br>
<pan>0.000000</pan>
<confidence>1.000000</confidence>
</value>
</event>


<event type="face" id="0">
<timestamp>2666</timestamp>
<value>
<tl><x>28</x><y>76</y></tl>
<tr><x>37</x><y>76</y></tr>
<bl><x>28</x><y>95</y></bl>
<br><x>37</x><y>95</y></br>
<pan>0.000000</pan>
<confidence>1.000000</confidence>
</value>
</event>


<event type="face" id="0">
<timestamp>2700</timestamp>
<value>
<tl><x>27</x><y>76</y></tl>
<tr><x>36</x><y>76</y></tr>
<bl><x>27</x><y>95</y></bl>
<br><x>36</x><y>95</y></br>
<pan>0.000000</pan>
<confidence>1.000000</confidence>
</value>
</event>


<event type="face" id="0">
<timestamp>2733</timestamp>
<value>
<tl><x>27</x><y>76</y></tl>
<tr><x>36</x><y>76</y></tr>
<bl><x>27</x><y>95</y></bl>
<br><x>36</x><y>95</y></br>
<pan>0.000000</pan>
<confidence>1.000000</confidence>
</value>
</event>


<event type="face" id="0">
<timestamp>2766</timestamp>
<value>
<tl><x>27</x><y>76</y></tl>
<tr><x>36</x><y>76</y></tr>
<bl><x>27</x><y>95</y></bl>
<br><x>36</x><y>95</y></br>
<pan>0.000000</pan>
<confidence>1.000000</confidence>
</value>
</event>


<event type="face" id="0">
<timestamp>2800</timestamp>
<value>
<tl><x>26</x><y>76</y></tl>
<tr><x>35</x><y>76</y></tr>
<bl><x>26</x><y>95</y></bl>
<br><x>35</x><y>95</y></br>
<pan>0.000000</pan>
<confidence>1.000000</confidence>
</value>
</event>


<event type="face" id="0">
<timestamp>2833</timestamp>
<value>
<tl><x>26</x><y>77</y></tl>
<tr><x>35</x><y>77</y></tr>
<bl><x>26</x><y>96</y></bl>
<br><x>35</x><y>96</y></br>
<pan>0.000000</pan>
<confidence>1.000000</confidence>
</value>
</event>


<event type="face" id="0">
<timestamp>2866</timestamp>
<value>
<tl><x>26</x><y>77</y></tl>
<tr><x>35</x><y>77</y></tr>
<bl><x>26</x><y>96</y></bl>
<br><x>35</x><y>96</y></br>
<pan>0.000000</pan>
<confidence>1.000000</confidence>
</value>
</event>


<event type="face" id="0">
<timestamp>2900</timestamp>
<value>
<tl><x>26</x><y>77</y></tl>
<tr><x>35</x><y>77</y></tr>
<bl><x>26</x><y>96</y></bl>
<br><x>35</x><y>96</y></br>
<pan>0.000000</pan>
<confidence>1.000000</confidence>
</value>
</event>


<event type="face" id="0">
<timestamp>2933</timestamp>
<value>
<tl><x>26</x><y>77</y></tl>
<tr><x>35</x><y>77</y></tr>
<bl><x>26</x><y>96</y></bl>
<br><x>35</x><y>96</y></br>
<pan>0.000000</pan>
<confidence>1.000000</confidence>
</value>
</event>


<event type="face" id="0">
<timestamp>2966</timestamp>
<value>
<tl><x>26</x><y>77</y></tl>
<tr><x>35</x><y>77</y></tr>
<bl><x>26</x><y>96</y></bl>
<br><x>35</x><y>96</y></br>
<pan>0.000000</pan>
<confidence>1.000000</confidence>
</value>
</event>


<event type="face" id="0">
<timestamp>3000</timestamp>
<value>
<tl><x>26</x><y>77</y></tl>
<tr><x>35</x><y>77</y></tr>
<bl><x>26</x><y>96</y></bl>
<br><x>35</x><y>96</y></br>
<pan>0.000000</pan>
<confidence>1.000000</confidence>
</value>
</event>


<event type="face" id="0">
<timestamp>3033</timestamp>
<value>
<tl><x>26</x><y>77</y></tl>
<tr><x>35</x><y>77</y></tr>
<bl><x>26</x><y>96</y></bl>
<br><x>35</x><y>96</y></br>
<pan>0.000000</pan>
<confidence>1.000000</confidence>
</value>
</event>


<event type="face" id="0">
<timestamp>3066</timestamp>
<value>
<tl><x>26</x><y>77</y></tl>
<tr><x>35</x><y>77</y></tr>
<bl><x>26</x><y>96</y></bl>
<br><x>35</x><y>96</y></br>
<pan>0.000000</pan>
<confidence>1.000000</confidence>
</value>
</event>


<event type="face" id="0">
<timestamp>3100</timestamp>
<value>
<tl><x>26</x><y>77</y></tl>
<tr><x>35</x><y>77</y></tr>
<bl><x>26</x><y>96</y></bl>
<br><x>35</x><y>96</y></br>
<pan>0.000000</pan>
<confidence>1.000000</confidence>
</value>
</event>


<event type="face" id="0">
<timestamp>3133</timestamp>
<value>
<tl><x>26</x><y>77</y></tl>
<tr><x>35</x><y>77</y></tr>
<bl><x>26</x><y>96</y></bl>
<br><x>35</x><y>96</y></br>
<pan>0.000000</pan>
<confidence>1.000000</confidence>
</value>
</event>


<event type="face" id="0">
<timestamp>3166</timestamp>
<value>
<tl><x>26</x><y>77</y></tl>
<tr><x>35</x><y>77</y></tr>
<bl><x>26</x><y>96</y></bl>
<br><x>35</x><y>96</y></br>
<pan>0.000000</pan>
<confidence>1.000000</confidence>
</value>
</event>


<event type="face" id="0">
<timestamp>3200</timestamp>
<value>
<tl><x>26</x><y>77</y></tl>
<tr><x>35</x><y>77</y></tr>
<bl><x>26</x><y>96</y></bl>
<br><x>35</x><y>96</y></br>
<pan>0.000000</pan>
<confidence>1.000000</confidence>
</value>
</event>


<event type="face" id="0">
<timestamp>3233</timestamp>
<value>
<tl><x>26</x><y>77</y></tl>
<tr><x>35</x><y>77</y></tr>
<bl><x>26</x><y>96</y></bl>
<br><x>35</x><y>96</y></br>
<pan>0.000000</pan>
<confidence>1.000000</confidence>
</value>
</event>


<event type="face" id="0">
<timestamp>3266</timestamp>
<value>
<tl><x>26</x><y>77</y></tl>
<tr><x>35</x><y>77</y></tr>
<bl><x>26</x><y>96</y></bl>
<br><x>35</x><y>96</y></br>
<pan>0.000000</pan>
<confidence>1.000000</confidence>
</value>
</event>


<event type="face" id="0">
<timestamp>3300</timestamp>
<value>
<tl><x>26</x><y>77</y></tl>
<tr><x>35</x><y>77</y></tr>
<bl><x>26</x><y>96</y></bl>
<br><x>35</x><y>96</y></br>
<pan>0.000000</pan>
<confidence>1.000000</confidence>
</value>
</event>


<event type="face" id="0">
<timestamp>3333</timestamp>
<value>
<tl><x>26</x><y>77</y></tl>
<tr><x>35</x><y>77</y></tr>
<bl><x>26</x><y>96</y></bl>
<br><x>35</x><y>96</y></br>
<pan>0.000000</pan>
<confidence>1.000000</confidence>
</value>
</event>


<event type="face" id="0">
<timestamp>3366</timestamp>
<value>
<tl><x>26</x><y>77</y></tl>
<tr><x>35</x><y>77</y></tr>
<bl><x>26</x><y>96</y></bl>
<br><x>35</x><y>96</y></br>
<pan>0.000000</pan>
<confidence>1.000000</confidence>
</value>
</event>






</analysisresult>
